Archive member included to satisfy reference by file (symbol)

/home/wt/Linux/tools/gcc-linaro-7.5.0-2019.12-x86_64_arm-linux-gnueabihf/bin/../lib/gcc/arm-linux-gnueabihf/7.5.0/libgcc.a(_udivsi3.o)
                              arch/arm/cpu/armv7/built-in.o (__aeabi_uidiv)
/home/wt/Linux/tools/gcc-linaro-7.5.0-2019.12-x86_64_arm-linux-gnueabihf/bin/../lib/gcc/arm-linux-gnueabihf/7.5.0/libgcc.a(_divsi3.o)
                              arch/arm/cpu/armv7/built-in.o (__aeabi_idiv)
/home/wt/Linux/tools/gcc-linaro-7.5.0-2019.12-x86_64_arm-linux-gnueabihf/bin/../lib/gcc/arm-linux-gnueabihf/7.5.0/libgcc.a(_dvmd_lnx.o)
                              /home/wt/Linux/tools/gcc-linaro-7.5.0-2019.12-x86_64_arm-linux-gnueabihf/bin/../lib/gcc/arm-linux-gnueabihf/7.5.0/libgcc.a(_udivsi3.o) (__aeabi_idiv0)

Discarded input sections

 .data          0x0000000000000000        0x0 arch/arm/cpu/armv7/start.o
 .bss           0x0000000000000000        0x0 arch/arm/cpu/armv7/start.o
 .text.v7_arch_cp15_set_l2aux_ctrl
                0x0000000000000000        0x8 arch/arm/cpu/armv7/built-in.o
 .text.v7_arch_cp15_set_acr
                0x0000000000000000        0x8 arch/arm/cpu/armv7/built-in.o
 .text.sdelay   0x0000000000000000        0xc arch/arm/cpu/armv7/built-in.o
 .text.wait_on_value
                0x0000000000000000       0x34 arch/arm/cpu/armv7/built-in.o
 .text.get_nr_cpus
                0x0000000000000000       0x10 arch/arm/cpu/armv7/built-in.o
 .text.board_mmc_get_env_dev
                0x0000000000000000        0x8 arch/arm/cpu/armv7/built-in.o
 .text.get_boot_device
                0x0000000000000000       0x9c arch/arm/cpu/armv7/built-in.o
 .text.enable_uart_clk
                0x0000000000000000       0x54 arch/arm/cpu/armv7/built-in.o
 .text.enable_usdhc_clk
                0x0000000000000000       0x4c arch/arm/cpu/armv7/built-in.o
 .text.enable_spi_clk
                0x0000000000000000       0x44 arch/arm/cpu/armv7/built-in.o
 .text.enable_lvds_bridge
                0x0000000000000000      0x1d8 arch/arm/cpu/armv7/built-in.o
 .text.enable_ipu_clock
                0x0000000000000000       0x90 arch/arm/cpu/armv7/built-in.o
 .data          0x0000000000000000        0x0 arch/arm/cpu/armv7/built-in.o
 .bss           0x0000000000000000        0x0 arch/arm/cpu/armv7/built-in.o
 .text          0x0000000000000000        0x0 arch/arm/imx-common/built-in.o
 .text.imx_iomux_set_gpr_register
                0x0000000000000000       0x44 arch/arm/imx-common/built-in.o
 .text.get_imx_reset_cause
                0x0000000000000000       0x10 arch/arm/imx-common/built-in.o
 .text.set_chipselect_size
                0x0000000000000000       0x7c arch/arm/imx-common/built-in.o
 .text.usec2ticks
                0x0000000000000000       0x64 arch/arm/imx-common/built-in.o
 .rodata.set_chipselect_size.str1.1
                0x0000000000000000       0x1e arch/arm/imx-common/built-in.o
 .data          0x0000000000000000        0x0 arch/arm/imx-common/built-in.o
 .bss           0x0000000000000000        0x0 arch/arm/imx-common/built-in.o
 .text.reset_misc
                0x0000000000000000        0x4 arch/arm/lib/built-in.o
 .text.enable_caches
                0x0000000000000000        0xc arch/arm/lib/built-in.o
 .text.invalidate_dcache_range
                0x0000000000000000        0x4 arch/arm/lib/built-in.o
 .text.flush_dcache_range
                0x0000000000000000        0x4 arch/arm/lib/built-in.o
 .text.flush_dcache_all
                0x0000000000000000        0xc arch/arm/lib/built-in.o
 .text.arm_init_before_mmu
                0x0000000000000000        0x4 arch/arm/lib/built-in.o
 .text.mmu_page_table_flush
                0x0000000000000000        0x4 arch/arm/lib/built-in.o
 .rodata.enable_caches.str1.1
                0x0000000000000000       0x1d arch/arm/lib/built-in.o
 .data          0x0000000000000000        0x0 arch/arm/lib/built-in.o
 .__secure_end  0x0000000000000000        0x0 arch/arm/lib/built-in.o
 .__secure_start
                0x0000000000000000        0x0 arch/arm/lib/built-in.o
 .bss           0x0000000000000000        0x0 arch/arm/lib/built-in.o
 .text          0x0000000000000000        0x0 board/freescale/common/built-in.o
 .text.mmc_map_to_kernel_blk
                0x0000000000000000        0x4 board/freescale/common/built-in.o
 .data          0x0000000000000000        0x0 board/freescale/common/built-in.o
 .bss           0x0000000000000000        0x0 board/freescale/common/built-in.o
 .text          0x0000000000000000        0x0 board/freescale/mx6ull_alientek_emmc/built-in.o
 .data          0x0000000000000000        0x0 board/freescale/mx6ull_alientek_emmc/built-in.o
 .bss           0x0000000000000000        0x0 board/freescale/mx6ull_alientek_emmc/built-in.o
 .text          0x0000000000000000        0x0 cmd/built-in.o
 .text.bootz_setup
                0x0000000000000000       0x18 cmd/built-in.o
 .text.gunzip_bmp
                0x0000000000000000        0x8 cmd/built-in.o
[...]
Memory Configuration

Name             Origin             Length             Attributes
*default*        0x0000000000000000 0xffffffffffffffff

Linker script and memory map

Address of section .text set to 0x87800000
                0x0000000000000000                . = 0x0
                0x0000000000000000                . = ALIGN (0x4)

.text           0x0000000087800000    0x3e0fc
 *(.__image_copy_start)
 .__image_copy_start
                0x0000000087800000        0x0 arch/arm/lib/built-in.o
                0x0000000087800000                __image_copy_start
 *(.vectors)
 .vectors       0x0000000087800000      0x2e8 arch/arm/lib/built-in.o
                0x0000000087800000                _start
                0x0000000087800020                _undefined_instruction
                0x0000000087800024                _software_interrupt
                0x0000000087800028                _prefetch_abort
                0x000000008780002c                _data_abort
                0x0000000087800030                _not_used
                0x0000000087800034                _irq
                0x0000000087800038                _fiq
                0x0000000087800040                IRQ_STACK_START_IN
 arch/arm/cpu/armv7/start.o(.text*)
 .text          0x00000000878002e8       0xb0 arch/arm/cpu/armv7/start.o
                0x00000000878002e8                reset
                0x00000000878002ec                save_boot_params_ret
                0x0000000087800328                c_runtime_cpu_setup
                0x0000000087800338                save_boot_params
                0x000000008780033c                cpu_init_cp15
                0x0000000087800390                cpu_init_crit
 *(.text*)
 .text          0x0000000087800398       0x24 arch/arm/cpu/armv7/built-in.o
                0x0000000087800398                lowlevel_init
 .text.v7_maint_dcache_all
                0x00000000878003bc      0x11c arch/arm/cpu/armv7/built-in.o
 .text.invalidate_icache_all
                0x00000000878004d8       0x18 arch/arm/cpu/armv7/built-in.o
                0x00000000878004d8                invalidate_icache_all
 .text.v7_outer_cache_enable
                0x00000000878004f0        0x4 arch/arm/cpu/armv7/built-in.o
                0x00000000878004f0                v7_outer_cache_enable
 .text.v7_outer_cache_disable
                0x00000000878004f4        0x4 arch/arm/cpu/armv7/built-in.o
                0x00000000878004f4                v7_outer_cache_disable
 .text.v7_outer_cache_flush_all
                0x00000000878004f8        0x4 arch/arm/cpu/armv7/built-in.o
                0x00000000878004f8                v7_outer_cache_flush_all
 .text.flush_dcache_all
                0x00000000878004fc       0x14 arch/arm/cpu/armv7/built-in.o
                0x00000000878004fc                flush_dcache_all
 .text.v7_outer_cache_inval_all
                0x0000000087800510        0x4 arch/arm/cpu/armv7/built-in.o
                0x0000000087800510                v7_outer_cache_inval_all
 .text.invalidate_dcache_all
                0x0000000087800514       0x14 arch/arm/cpu/armv7/built-in.o
                0x0000000087800514                invalidate_dcache_all
 .text.arm_init_before_mmu
                0x0000000087800528       0x28 arch/arm/cpu/armv7/built-in.o
                0x0000000087800528                arm_init_before_mmu
 .text.v7_outer_cache_flush_range
                0x0000000087800550        0x4 arch/arm/cpu/armv7/built-in.o
                0x0000000087800550                v7_outer_cache_flush_range
 .text.flush_dcache_range
                0x0000000087800554       0x38 arch/arm/cpu/armv7/built-in.o
                0x0000000087800554                flush_dcache_range
 .text.mmu_page_table_flush
                0x000000008780058c       0x24 arch/arm/cpu/armv7/built-in.o
                0x000000008780058c                mmu_page_table_flush
 .text.v7_outer_cache_inval_range
                0x00000000878005b0        0x4 arch/arm/cpu/armv7/built-in.o
                0x00000000878005b0                v7_outer_cache_inval_range
 .text.invalidate_dcache_range
                0x00000000878005b4       0xa8 arch/arm/cpu/armv7/built-in.o
                0x00000000878005b4                invalidate_dcache_range
 .text.cpu_cache_initialization
                0x000000008780065c        0x4 arch/arm/cpu/armv7/built-in.o
                0x000000008780065c                cpu_cache_initialization
 .text.cleanup_before_linux_select
                0x0000000087800660       0x4c arch/arm/cpu/armv7/built-in.o
                0x0000000087800660                cleanup_before_linux_select
 .text.cleanup_before_linux
                0x00000000878006ac        0x8 arch/arm/cpu/armv7/built-in.o
                0x00000000878006ac                cleanup_before_linux
 .text.get_cpu_rev
                0x00000000878006b4       0x90 arch/arm/cpu/armv7/built-in.o
                0x00000000878006b4                get_cpu_rev
 .text.get_cpu_speed_grade_hz
                0x0000000087800744      0x124 arch/arm/cpu/armv7/built-in.o
                0x0000000087800744                get_cpu_speed_grade_hz
 .text.get_cpu_temp_grade
                0x0000000087800868       0x68 arch/arm/cpu/armv7/built-in.o
                0x0000000087800868                get_cpu_temp_grade
 .text.get_board_rev
                0x00000000878008d0       0x40 arch/arm/cpu/armv7/built-in.o
                0x00000000878008d0                get_board_rev
 .text.arch_cpu_init
                0x0000000087800910      0x364 arch/arm/cpu/armv7/built-in.o
                0x0000000087800910                arch_cpu_init
 .text.mmc_get_env_dev
                0x0000000087800c74       0x28 arch/arm/cpu/armv7/built-in.o
                0x0000000087800c74                mmc_get_env_dev
 .text.board_mmc_get_env_part
                0x0000000087800c9c        0x8 arch/arm/cpu/armv7/built-in.o
                0x0000000087800c9c                board_mmc_get_env_part
 .text.mmc_get_env_part
                0x0000000087800ca4       0x28 arch/arm/cpu/armv7/built-in.o
                0x0000000087800ca4                mmc_get_env_part
 .text.board_postclk_init
                0x0000000087800ccc       0x70 arch/arm/cpu/armv7/built-in.o
                0x0000000087800ccc                board_postclk_init
 .text.imx_get_mac_from_fuse
                0x0000000087800d3c       0xb8 arch/arm/cpu/armv7/built-in.o
                0x0000000087800d3c                imx_get_mac_from_fuse
 .text.set_wdog_reset
                0x0000000087800df4       0x18 arch/arm/cpu/armv7/built-in.o
                0x0000000087800df4                set_wdog_reset
 .text.reset_misc
                0x0000000087800e0c        0x4 arch/arm/cpu/armv7/built-in.o
                0x0000000087800e0c                reset_misc
 .text.s_init   0x0000000087800e10       0xac arch/arm/cpu/armv7/built-in.o
                0x0000000087800e10                s_init
 .text.disable_lcdif_clock
                0x0000000087800ebc      0x1fc arch/arm/cpu/armv7/built-in.o
 .text.get_ipg_clk
                0x00000000878010b8       0x28 arch/arm/cpu/armv7/built-in.o
 .text.enable_pll_video.constprop.0
                0x00000000878010e0       0xec arch/arm/cpu/armv7/built-in.o
 .text.get_uart_clk
                0x00000000878011cc       0xd8 arch/arm/cpu/armv7/built-in.o
 .text.mxc_get_pll_pfd
                0x00000000878012a4       0xa8 arch/arm/cpu/armv7/built-in.o
 .text.get_usdhc_clk
                0x000000008780134c       0xb8 arch/arm/cpu/armv7/built-in.o
 .text.enable_ocotp_clk
                0x0000000087801404       0x24 arch/arm/cpu/armv7/built-in.o
                0x0000000087801404                enable_ocotp_clk
 .text.enable_usboh3_clk
                0x0000000087801428       0x24 arch/arm/cpu/armv7/built-in.o
                0x0000000087801428                enable_usboh3_clk
 .text.enable_enet_clk
                0x000000008780144c       0x64 arch/arm/cpu/armv7/built-in.o
                0x000000008780144c                enable_enet_clk
 .text.enable_i2c_clk
                0x00000000878014b0       0xd8 arch/arm/cpu/armv7/built-in.o
                0x00000000878014b0                enable_i2c_clk
 .text.get_periph_clk
                0x0000000087801588       0xc8 arch/arm/cpu/armv7/built-in.o
                0x0000000087801588                get_periph_clk
 .text.get_axi_clk
                0x0000000087801650       0x4c arch/arm/cpu/armv7/built-in.o
 .text.enable_lcdif_clock
                0x000000008780169c      0x258 arch/arm/cpu/armv7/built-in.o
                0x000000008780169c                enable_lcdif_clock
 .text.mxs_set_lcdclk
                0x00000000878018f4      0x388 arch/arm/cpu/armv7/built-in.o
                0x00000000878018f4                mxs_set_lcdclk
 .text.enable_qspi_clk
                0x0000000087801c7c       0x98 arch/arm/cpu/armv7/built-in.o
                0x0000000087801c7c                enable_qspi_clk
 .text.enable_fec_anatop_clock
                0x0000000087801d14       0xe0 arch/arm/cpu/armv7/built-in.o
                0x0000000087801d14                enable_fec_anatop_clock
 .text.imx_get_uartclk
                0x0000000087801df4        0x4 arch/arm/cpu/armv7/built-in.o
                0x0000000087801df4                imx_get_uartclk
 .text.enable_thermal_clk
                0x0000000087801df8       0x44 arch/arm/cpu/armv7/built-in.o
                0x0000000087801df8                enable_thermal_clk
 .text.mxc_get_clock
                0x0000000087801e3c      0x4b8 arch/arm/cpu/armv7/built-in.o
                0x0000000087801e3c                mxc_get_clock
 .text.imx_get_fecclk
                0x00000000878022f4        0x8 arch/arm/cpu/armv7/built-in.o
                0x00000000878022f4                imx_get_fecclk
 .text.do_mx6_showclocks
                0x00000000878022fc      0x230 arch/arm/cpu/armv7/built-in.o
                0x00000000878022fc                do_mx6_showclocks
 .text.imx_iomux_v3_setup_pad
                0x000000008780252c      0x128 arch/arm/imx-common/built-in.o
                0x000000008780252c                imx_iomux_v3_setup_pad
 .text.imx_iomux_v3_setup_multiple_pads
                0x0000000087802654       0x28 arch/arm/imx-common/built-in.o
                0x0000000087802654                imx_iomux_v3_setup_multiple_pads
 .text.imx_ddr_size
                0x000000008780267c       0x64 arch/arm/imx-common/built-in.o
                0x000000008780267c                imx_ddr_size
 .text.get_imx_type
                0x00000000878026e0       0x20 arch/arm/imx-common/built-in.o
                0x00000000878026e0                get_imx_type
 .text.print_cpuinfo
                0x0000000087802700      0x228 arch/arm/imx-common/built-in.o
                0x0000000087802700                print_cpuinfo
 .text.cpu_eth_init
                0x0000000087802928        0x4 arch/arm/imx-common/built-in.o
                0x0000000087802928                cpu_eth_init
 .text.cpu_mmc_init
                0x000000008780292c        0x4 arch/arm/imx-common/built-in.o
                0x000000008780292c                cpu_mmc_init
 .text.get_ahb_clk
                0x0000000087802930       0x24 arch/arm/imx-common/built-in.o
                0x0000000087802930                get_ahb_clk
 .text.arch_preboot_os
                0x0000000087802954        0x4 arch/arm/imx-common/built-in.o
                0x0000000087802954                arch_preboot_os
 .text.get_clocks
                0x0000000087802958       0x1c arch/arm/imx-common/built-in.o
                0x0000000087802958                get_clocks
 .text.force_idle_bus
                0x0000000087802974      0x1c4 arch/arm/imx-common/built-in.o
                0x0000000087802974                force_idle_bus
 .text.setup_i2c
                0x0000000087802b38       0xdc arch/arm/imx-common/built-in.o
                0x0000000087802b38                setup_i2c
 .text.mxs_wait_mask_set
                0x0000000087802c14       0x3c arch/arm/imx-common/built-in.o
                0x0000000087802c14                mxs_wait_mask_set
 .text.mxs_wait_mask_clr
                0x0000000087802c50       0x3c arch/arm/imx-common/built-in.o
                0x0000000087802c50                mxs_wait_mask_clr
 .text.mxs_reset_block
                0x0000000087802c8c       0x90 arch/arm/imx-common/built-in.o
                0x0000000087802c8c                mxs_reset_block
 .text.enable_caches
                0x0000000087802d1c       0x34 arch/arm/imx-common/built-in.o
                0x0000000087802d1c                enable_caches
 .text.init_aips
                0x0000000087802d50       0xc0 arch/arm/imx-common/built-in.o
                0x0000000087802d50                init_aips
 .text.imx_set_wdog_powerdown
                0x0000000087802e10       0xa0 arch/arm/imx-common/built-in.o
                0x0000000087802e10                imx_set_wdog_powerdown
 .text.init_src
                0x0000000087802eb0       0x18 arch/arm/imx-common/built-in.o
                0x0000000087802eb0                init_src
 .text.boot_mode_apply
                0x0000000087802ec8       0x24 arch/arm/imx-common/built-in.o
                0x0000000087802ec8                boot_mode_apply
 .text.board_video_skip
                0x0000000087802eec      0x1b0 arch/arm/imx-common/built-in.o
                0x0000000087802eec                board_video_skip
 .text.timer_init
                0x000000008780309c       0x3c arch/arm/imx-common/built-in.o
                0x000000008780309c                timer_init
 .text.get_ticks
                0x00000000878030d8       0x18 arch/arm/imx-common/built-in.o
                0x00000000878030d8                get_ticks
 .text.get_timer_masked
                0x00000000878030f0       0x58 arch/arm/imx-common/built-in.o
                0x00000000878030f0                get_timer_masked
 .text.get_timer
                0x0000000087803148       0x14 arch/arm/imx-common/built-in.o
                0x0000000087803148                get_timer
 *fill*         0x000000008780315c        0x4 
 .text.__udelay
                0x0000000087803160       0x90 arch/arm/imx-common/built-in.o
                0x0000000087803160                __udelay
 .text.get_tbclk
                0x00000000878031f0        0x8 arch/arm/imx-common/built-in.o
                0x00000000878031f0                get_tbclk
 .text.create_usage
                0x00000000878031f8       0xa4 arch/arm/imx-common/built-in.o
 .text.do_boot_mode
                0x000000008780329c       0xf0 arch/arm/imx-common/built-in.o
 .text.add_board_boot_modes
                0x000000008780338c       0x60 arch/arm/imx-common/built-in.o
                0x000000008780338c                add_board_boot_modes
 .text          0x00000000878033ec       0x90 arch/arm/lib/built-in.o
                0x00000000878033ec                _main
 .text.relocate_vectors
                0x000000008780347c       0x70 arch/arm/lib/built-in.o
                0x000000008780347c                relocate_vectors
                0x0000000087803488                relocate_code
 .text.arch_fixup_fdt
                0x00000000878034ec       0x34 arch/arm/lib/built-in.o
                0x00000000878034ec                arch_fixup_fdt
 .text.boot_jump_linux
                0x0000000087803520       0xc4 arch/arm/lib/built-in.o
 .text.arch_lmb_reserve
                0x00000000878035e4       0x24 arch/arm/lib/built-in.o
                0x00000000878035e4                arch_lmb_reserve
 .text.setup_board_tags
                0x0000000087803608        0x4 arch/arm/lib/built-in.o
                0x0000000087803608                setup_board_tags
 .text.boot_prep_linux
                0x000000008780360c      0x1b8 arch/arm/lib/built-in.o
 .text.do_bootm_linux
                0x00000000878037c4       0x58 arch/arm/lib/built-in.o
                0x00000000878037c4                do_bootm_linux
 .text.bootz_setup
                0x000000008780381c       0x58 arch/arm/lib/built-in.o
                0x000000008780381c                bootz_setup
 .text.boot_prep_vxworks
                0x0000000087803874       0x50 arch/arm/lib/built-in.o
                0x0000000087803874                boot_prep_vxworks
 .text.boot_jump_vxworks
                0x00000000878038c4        0xc arch/arm/lib/built-in.o
                0x00000000878038c4                boot_jump_vxworks
 .text.arch_reserve_stacks
                0x00000000878038d0       0x1c arch/arm/lib/built-in.o
                0x00000000878038d0                arch_reserve_stacks
 .text.interrupt_init
                0x00000000878038ec       0x1c arch/arm/lib/built-in.o
                0x00000000878038ec                interrupt_init
 .text.enable_interrupts
                0x0000000087803908        0x4 arch/arm/lib/built-in.o
                0x0000000087803908                enable_interrupts
 .text.disable_interrupts
                0x000000008780390c        0x8 arch/arm/lib/built-in.o
                0x000000008780390c                disable_interrupts
 .text.bad_mode
                0x0000000087803914       0x10 arch/arm/lib/built-in.o
                0x0000000087803914                bad_mode
 .text.show_regs
                0x0000000087803924      0x174 arch/arm/lib/built-in.o
                0x0000000087803924                show_regs
 .text.do_undefined_instruction
                0x0000000087803a98       0x20 arch/arm/lib/built-in.o
                0x0000000087803a98                do_undefined_instruction
 .text.do_software_interrupt
                0x0000000087803ab8       0x20 arch/arm/lib/built-in.o
                0x0000000087803ab8                do_software_interrupt
 .text.do_prefetch_abort
                0x0000000087803ad8       0x20 arch/arm/lib/built-in.o
                0x0000000087803ad8                do_prefetch_abort
 .text.do_data_abort
                0x0000000087803af8       0x20 arch/arm/lib/built-in.o
                0x0000000087803af8                do_data_abort
 .text.do_not_used
                0x0000000087803b18       0x20 arch/arm/lib/built-in.o
                0x0000000087803b18                do_not_used
 .text.do_fiq   0x0000000087803b38       0x20 arch/arm/lib/built-in.o
                0x0000000087803b38                do_fiq
 .text.do_irq   0x0000000087803b58       0x20 arch/arm/lib/built-in.o
                0x0000000087803b58                do_irq
 .text.do_reset
                0x0000000087803b78       0x30 arch/arm/lib/built-in.o
                0x0000000087803b78                do_reset
 .text.flush_cache
                0x0000000087803ba8        0x8 arch/arm/lib/built-in.o
                0x0000000087803ba8                flush_cache
 .text.cp_delay
                0x0000000087803bb0       0x30 arch/arm/lib/built-in.o
 .text.cache_disable
                0x0000000087803be0       0x48 arch/arm/lib/built-in.o
 .text.arm_init_domains
                0x0000000087803c28        0x4 arch/arm/lib/built-in.o
                0x0000000087803c28                arm_init_domains
 .text.set_section_dcache
                0x0000000087803c2c       0x14 arch/arm/lib/built-in.o
                0x0000000087803c2c                set_section_dcache
 .text.mmu_set_region_dcache_behaviour
                0x0000000087803c40       0x4c arch/arm/lib/built-in.o
                0x0000000087803c40                mmu_set_region_dcache_behaviour
 .text.dram_bank_mmu_setup
                0x0000000087803c8c       0x40 arch/arm/lib/built-in.o
                0x0000000087803c8c                dram_bank_mmu_setup
 .text.icache_enable
                0x0000000087803ccc       0x18 arch/arm/lib/built-in.o
                0x0000000087803ccc                icache_enable
 .text.icache_disable
                0x0000000087803ce4        0x8 arch/arm/lib/built-in.o
                0x0000000087803ce4                icache_disable
 .text.icache_status
                0x0000000087803cec        0xc arch/arm/lib/built-in.o
                0x0000000087803cec                icache_status
 .text.dcache_enable
                0x0000000087803cf8       0x78 arch/arm/lib/built-in.o
                0x0000000087803cf8                dcache_enable
 .text.dcache_disable
                0x0000000087803d70        0x8 arch/arm/lib/built-in.o
                0x0000000087803d70                dcache_disable
 .text.dcache_status
                0x0000000087803d78        0xc arch/arm/lib/built-in.o
                0x0000000087803d78                dcache_status
 .text.board_late_mmc_env_init
                0x0000000087803d84       0x9c board/freescale/common/built-in.o
                0x0000000087803d84                board_late_mmc_env_init
 .text.do_enable_parallel_lcd
                0x0000000087803e20       0x2c board/freescale/mx6ull_alientek_emmc/built-in.o
                0x0000000087803e20                do_enable_parallel_lcd
 .text.power_init_board
                0x0000000087803e4c        0x8 board/freescale/mx6ull_alientek_emmc/built-in.o
                0x0000000087803e4c                power_init_board
 .text.dram_init
                0x0000000087803e54       0x18 board/freescale/mx6ull_alientek_emmc/built-in.o
                0x0000000087803e54                dram_init
 .text.board_mmc_get_env_dev
                0x0000000087803e6c        0x4 board/freescale/mx6ull_alientek_emmc/built-in.o
                0x0000000087803e6c                board_mmc_get_env_dev
 .text.mmc_map_to_kernel_blk
                0x0000000087803e70        0x4 board/freescale/mx6ull_alientek_emmc/built-in.o
                0x0000000087803e70                mmc_map_to_kernel_blk
 .text.board_mmc_getcd
                0x0000000087803e74       0x44 board/freescale/mx6ull_alientek_emmc/built-in.o
                0x0000000087803e74                board_mmc_getcd
 .text.board_mmc_init
                0x0000000087803eb8       0xd8 board/freescale/mx6ull_alientek_emmc/built-in.o
                0x0000000087803eb8                board_mmc_init
 .text.board_usb_phy_mode
                0x0000000087803f90       0x14 board/freescale/mx6ull_alientek_emmc/built-in.o
                0x0000000087803f90                board_usb_phy_mode
 .text.board_ehci_hcd_init
                0x0000000087803fa4       0x28 board/freescale/mx6ull_alientek_emmc/built-in.o
                0x0000000087803fa4                board_ehci_hcd_init
 .text.board_eth_init
                0x0000000087803fcc       0x68 board/freescale/mx6ull_alientek_emmc/built-in.o
                0x0000000087803fcc                board_eth_init
 .text.board_phy_config
                0x0000000087804034       0x4c board/freescale/mx6ull_alientek_emmc/built-in.o
                0x0000000087804034                board_phy_config
 .text.board_early_init_f
                0x0000000087804080       0x1c board/freescale/mx6ull_alientek_emmc/built-in.o
                0x0000000087804080                board_early_init_f
 .text.board_init
                0x000000008780409c       0x94 board/freescale/mx6ull_alientek_emmc/built-in.o
                0x000000008780409c                board_init
 .text.board_late_init
                0x0000000087804130       0x50 board/freescale/mx6ull_alientek_emmc/built-in.o
                0x0000000087804130                board_late_init
 .text.checkboard
                0x0000000087804180       0x18 board/freescale/mx6ull_alientek_emmc/built-in.o
                0x0000000087804180                checkboard
 .text.do_go_exec
                0x0000000087804198       0x10 cmd/built-in.o
                0x0000000087804198                do_go_exec
 .text.do_go    0x00000000878041a8       0x6c cmd/built-in.o
 .text.do_bootm
                0x0000000087804214      0x108 cmd/built-in.o
                0x0000000087804214                do_bootm
 .text.do_bootd
                0x000000008780431c       0x20 cmd/built-in.o
                0x000000008780431c                do_bootd
 .text.image_info
                0x000000008780433c       0xcc cmd/built-in.o
 .text.do_iminfo
                0x0000000087804408       0x54 cmd/built-in.o
 .text.bootm_maybe_autostart
                0x000000008780445c       0x78 cmd/built-in.o
                0x000000008780445c                bootm_maybe_autostart
 .text.do_bootz
                0x00000000878044d4       0xfc cmd/built-in.o
                0x00000000878044d4                do_bootz
 .text.do_help  0x00000000878045d0       0x44 cmd/built-in.o
 .text.do_version
                0x0000000087804614       0x38 cmd/built-in.o
 .text.source   0x000000008780464c       0xd8 cmd/built-in.o
                0x000000008780464c                source
 .text.do_source
                0x0000000087804724       0x48 cmd/built-in.o
 .text.print_num
                0x000000008780476c       0x14 cmd/built-in.o
 .text.do_bdinfo
                0x0000000087804780      0x198 cmd/built-in.o
 .text.do_bmp   0x0000000087804918       0x58 cmd/built-in.o
 .text.do_bmp_info
                0x0000000087804970      0x10c cmd/built-in.o
 .text.bmp_display
                0x0000000087804a7c       0x50 cmd/built-in.o
                0x0000000087804a7c                bmp_display
 .text.do_bmp_display
                0x0000000087804acc       0xb8 cmd/built-in.o
 .text.parse_argv
                0x0000000087804b84       0x64 cmd/built-in.o
 .text.do_icache
                0x0000000087804be8       0x88 cmd/built-in.o
 .text.do_dcache
                0x0000000087804c70       0x88 cmd/built-in.o
 .text.do_coninfo
                0x0000000087804cf8       0xb0 cmd/built-in.o
 .text.do_echo  0x0000000087804da8       0xb4 cmd/built-in.o
 .text.load_elf_image_shdr
                0x0000000087804e5c       0x8c cmd/built-in.o
 .text.valid_elf_image
                0x0000000087804ee8       0x4c cmd/built-in.o
                0x0000000087804ee8                valid_elf_image
 .text.do_bootelf
                0x0000000087804f34      0x1bc cmd/built-in.o
                0x0000000087804f34                do_bootelf
 .text.do_bootvx
                0x00000000878050f0      0x334 cmd/built-in.o
                0x00000000878050f0                do_bootvx
 .text.do_exit  0x0000000087805424       0x48 cmd/built-in.o
 .text.do_ext4_size
                0x000000008780546c       0x18 cmd/built-in.o
                0x000000008780546c                do_ext4_size
 .text.do_ext4_load
                0x0000000087805484       0x18 cmd/built-in.o
                0x0000000087805484                do_ext4_load
 .text.do_ext4_ls
                0x000000008780549c       0x18 cmd/built-in.o
                0x000000008780549c                do_ext4_ls
 .text.do_ext4_write
                0x00000000878054b4       0x18 cmd/built-in.o
                0x00000000878054b4                do_ext4_write
 .text.do_ext2load
                0x00000000878054cc       0x18 cmd/built-in.o
                0x00000000878054cc                do_ext2load
 .text.do_ext2ls
                0x00000000878054e4       0x18 cmd/built-in.o
 .text.do_fat_size
                0x00000000878054fc       0x18 cmd/built-in.o
                0x00000000878054fc                do_fat_size
 .text.do_fat_fsload
                0x0000000087805514       0x18 cmd/built-in.o
                0x0000000087805514                do_fat_fsload
 .text.do_fat_ls
                0x000000008780552c       0x18 cmd/built-in.o
 .text.do_fat_fsinfo
                0x0000000087805544       0x8c cmd/built-in.o
 .text.fdt_valid
                0x00000000878055d0       0xbc cmd/built-in.o
 .text.is_printable_string
                0x000000008780568c       0x88 cmd/built-in.o
 .text.print_data
                0x0000000087805714      0x170 cmd/built-in.o
 .text.set_working_fdt_addr
                0x0000000087805884       0x1c cmd/built-in.o
                0x0000000087805884                set_working_fdt_addr
 .text.do_fdt   0x00000000878058a0      0xe20 cmd/built-in.o
 .text.do_flinfo
                0x00000000878066c0        0x8 cmd/built-in.o
 .text.do_protect
                0x00000000878066c8       0x10 cmd/built-in.o
 .text.do_flerase
                0x00000000878066d8        0x8 cmd/built-in.o
 .text.do_size_wrapper
                0x00000000878066e0       0x18 cmd/built-in.o
 .text.do_load_wrapper
                0x00000000878066f8       0x18 cmd/built-in.o
 .text.do_save_wrapper
                0x0000000087806710       0x18 cmd/built-in.o
 .text.do_ls_wrapper
                0x0000000087806728       0x18 cmd/built-in.o
 .text.do_fstype_wrapper
                0x0000000087806740        0x4 cmd/built-in.o
 .text.strtou32
                0x0000000087806744       0x44 cmd/built-in.o
 .text.do_fuse  0x0000000087806788      0x364 cmd/built-in.o
 .text.name_to_gpio
                0x0000000087806aec        0xc cmd/built-in.o
                0x0000000087806aec                name_to_gpio
 .text.do_gpio  0x0000000087806af8      0x150 cmd/built-in.o
 .text.do_i2c   0x0000000087806c48       0x68 cmd/built-in.o
 .text.do_i2c_bus_speed
                0x0000000087806cb0       0x78 cmd/built-in.o
 .text.do_i2c_reset
                0x0000000087806d28       0x2c cmd/built-in.o
 .text.do_i2c_probe
                0x0000000087806d54       0xa0 cmd/built-in.o
 .text.do_i2c_bus_num
                0x0000000087806df4       0xb8 cmd/built-in.o
 .text.do_i2c_show_bus
                0x0000000087806eac       0xdc cmd/built-in.o
 .text.get_alen.constprop.5
                0x0000000087806f88       0x3c cmd/built-in.o
 .text.do_i2c_crc
                0x0000000087806fc4      0x120 cmd/built-in.o
 .text.mod_i2c_mem.isra.3
                0x00000000878070e4      0x1ec cmd/built-in.o
 .text.do_i2c_nm
                0x00000000878072d0        0x8 cmd/built-in.o
 .text.do_i2c_mm
                0x00000000878072d8        0x8 cmd/built-in.o
 .text.do_i2c_md
                0x00000000878072e0      0x1e8 cmd/built-in.o
 .text.do_i2c_read
                0x00000000878074c8       0xbc cmd/built-in.o
 .text.do_i2c_mw
                0x0000000087807584       0xf8 cmd/built-in.o
 .text.do_i2c_write
                0x000000008780767c      0x144 cmd/built-in.o
 .text.do_i2c_loop
                0x00000000878077c0       0xec cmd/built-in.o
 .text.i2c_init_board
                0x00000000878078ac        0x4 cmd/built-in.o
                0x00000000878078ac                i2c_init_board
 .text.evalexp  0x00000000878078b0       0x78 cmd/built-in.o
 .text.evalstr  0x0000000087807928       0x64 cmd/built-in.o
 .text.binary_test
                0x000000008780798c      0x1c0 cmd/built-in.o
 .text.do_itest
                0x0000000087807b4c       0x88 cmd/built-in.o
 .text.bin_data_init
                0x0000000087807bd4       0x2c cmd/built-in.o
 .text.k_data_save
                0x0000000087807c00       0x4c cmd/built-in.o
 .text.k_data_restore
                0x0000000087807c4c       0x4c cmd/built-in.o
 .text.getcxmodem
                0x0000000087807c98       0x20 cmd/built-in.o
 .text.load_serial_ymodem
                0x0000000087807cb8       0xc8 cmd/built-in.o
 .text.bin_data_char
                0x0000000087807d80       0x2c cmd/built-in.o
 .text.chk1.constprop.2
                0x0000000087807dac       0x30 cmd/built-in.o
 .text.s1_sendpacket.constprop.3
                0x0000000087807ddc       0x4c cmd/built-in.o
 .text.load_serial
                0x0000000087807e28      0x1d8 cmd/built-in.o
 .text.do_load_serial
                0x0000000087808000       0xdc cmd/built-in.o
 .text.do_load_serial_bin
                0x00000000878080dc      0x794 cmd/built-in.o
 .text.do_mem_mw
                0x0000000087808870       0xc0 cmd/built-in.o
 .text.do_mem_loop
                0x0000000087808930       0xec cmd/built-in.o
 .text.do_mem_md
                0x0000000087808a1c       0xe8 cmd/built-in.o
 .text.do_mem_cmp
                0x0000000087808b04      0x154 cmd/built-in.o
 .text.do_mem_base
                0x0000000087808c58       0x40 cmd/built-in.o
 .text.do_mem_cp
                0x0000000087808c98       0xd8 cmd/built-in.o
 .text.do_mem_crc
                0x0000000087808d70       0x48 cmd/built-in.o
 .text.do_mem_mtest
                0x0000000087808db8      0x224 cmd/built-in.o
 .text.mod_mem.isra.0
                0x0000000087808fdc      0x170 cmd/built-in.o
 .text.do_mem_mm
                0x000000008780914c        0x8 cmd/built-in.o
 .text.do_mem_nm
                0x0000000087809154        0x8 cmd/built-in.o
 .text.extract_range
                0x000000008780915c       0xe4 cmd/built-in.o
 .text.do_mii   0x0000000087809240      0x8f8 cmd/built-in.o
 .text.do_mdio  0x0000000087809b38      0x4e8 cmd/built-in.o
 .text.do_sleep
                0x000000008780a020       0x70 cmd/built-in.o
 .text.do_mmcops
                0x000000008780a090       0xb8 cmd/built-in.o
 .text.init_mmc_device
                0x000000008780a148       0x50 cmd/built-in.o
 .text.do_mmc_rescan
                0x000000008780a198       0x24 cmd/built-in.o
 .text.do_mmc_rst_func
                0x000000008780a1bc       0x9c cmd/built-in.o
 .text.do_mmc_partconf
                0x000000008780a258       0xb0 cmd/built-in.o
 .text.do_mmc_boot_resize
                0x000000008780a308       0xc8 cmd/built-in.o
 .text.do_mmc_bootbus
                0x000000008780a3d0       0xb0 cmd/built-in.o
 .text.do_mmc_hwpartition
                0x000000008780a480      0x50c cmd/built-in.o
 .text.do_mmc_list
                0x000000008780a98c       0x14 cmd/built-in.o
 .text.do_mmc_dev
                0x000000008780a9a0      0x128 cmd/built-in.o
 .text.do_mmc_erase
                0x000000008780aac8       0xe8 cmd/built-in.o
 .text.do_mmc_write
                0x000000008780abb0      0x100 cmd/built-in.o
 .text.do_mmc_read
                0x000000008780acb0       0xec cmd/built-in.o
 .text.do_mmcinfo
                0x000000008780ad9c      0x36c cmd/built-in.o
 .text.do_mmc_setdsr
                0x000000008780b108       0xa8 cmd/built-in.o
 .text.do_mmc_part
                0x000000008780b1b0       0x5c cmd/built-in.o
 .text.netboot_common
                0x000000008780b20c      0x298 cmd/built-in.o
 .text.do_bootp
                0x000000008780b4a4        0xc cmd/built-in.o
 .text.do_dhcp  0x000000008780b4b0        0xc cmd/built-in.o
 .text.do_nfs   0x000000008780b4bc        0xc cmd/built-in.o
 .text.do_tftpb
                0x000000008780b4c8       0x40 cmd/built-in.o
                0x000000008780b4c8                do_tftpb
 .text.do_ping  0x000000008780b508       0x78 cmd/built-in.o
 .text.bytes_per_second
                0x000000008780b580       0x50 cmd/built-in.o
 .text.do_spi_flash
                0x000000008780b5d0      0x844 cmd/built-in.o
 .text.substitute
                0x000000008780be14       0xf0 cmd/built-in.o
 .text.get_arg  0x000000008780bf04       0x58 cmd/built-in.o
 .text.regex_sub.part.1
                0x000000008780bf5c      0x47c cmd/built-in.o
 .text.do_setexpr
                0x000000008780c3d8      0x194 cmd/built-in.o
 .text.do_false
                0x000000008780c56c        0x8 cmd/built-in.o
 .text.do_true  0x000000008780c574        0x8 cmd/built-in.o
 .text.do_test  0x000000008780c57c      0x328 cmd/built-in.o
 .text.usb_get_class_desc
                0x000000008780c8a4       0xbc cmd/built-in.o
 .text.usb_find_device
                0x000000008780c960       0x3c cmd/built-in.o
 .text.usb_show_tree_graph
                0x000000008780c99c      0x230 cmd/built-in.o
 .text.usb_display_class_sub
                0x000000008780cbcc      0x170 cmd/built-in.o
 .text.usb_display_string
                0x000000008780cd3c       0x44 cmd/built-in.o
 .text.usb_display_config
                0x000000008780cd80      0x210 cmd/built-in.o
 .text.do_usbboot
                0x000000008780cf90        0xc cmd/built-in.o
 .text.usb_display_desc.part.1
                0x000000008780cf9c      0x12c cmd/built-in.o
 .text.do_usb_start
                0x000000008780d0c8       0x38 cmd/built-in.o
 .text.usb_show_tree
                0x000000008780d100       0x54 cmd/built-in.o
                0x000000008780d100                usb_show_tree
 .text.do_usb   0x000000008780d154      0x734 cmd/built-in.o
 .text.do_imgextract
                0x000000008780d888      0x284 cmd/built-in.o
 .text.do_env_delete
                0x000000008780db0c       0xa0 cmd/built-in.o
 .text.do_env_exists
                0x000000008780dbac       0x64 cmd/built-in.o
 .text.do_env_save
                0x000000008780dc10       0x2c cmd/built-in.o
 .text.do_env   0x000000008780dc3c       0x68 cmd/built-in.o
 .text.env_print
                0x000000008780dca4       0xc4 cmd/built-in.o
 .text.do_env_print
                0x000000008780dd68       0xc0 cmd/built-in.o
 .text.do_env_import
                0x000000008780de28      0x280 cmd/built-in.o
 .text.do_env_default
                0x000000008780e0a8       0x9c cmd/built-in.o
 .text._do_env_set.isra.0
                0x000000008780e144      0x1b4 cmd/built-in.o
 .text.do_env_set
                0x000000008780e2f8       0x20 cmd/built-in.o
 .text.get_env_id
                0x000000008780e318       0x10 cmd/built-in.o
                0x000000008780e318                get_env_id
 .text.setenv   0x000000008780e328       0x60 cmd/built-in.o
                0x000000008780e328                setenv
 .text.setenv_ulong
                0x000000008780e388       0x20 cmd/built-in.o
                0x000000008780e388                setenv_ulong
 .text.setenv_hex
                0x000000008780e3a8       0x34 cmd/built-in.o
                0x000000008780e3a8                setenv_hex
 .text.do_env_export
                0x000000008780e3dc      0x248 cmd/built-in.o
 .text.envmatch
                0x000000008780e624       0x68 cmd/built-in.o
                0x000000008780e624                envmatch
 .text.getenv_f
                0x000000008780e68c       0xc4 cmd/built-in.o
                0x000000008780e68c                getenv_f
 .text.getenv   0x000000008780e750       0x78 cmd/built-in.o
                0x000000008780e750                getenv
 .text.getenv_hex
                0x000000008780e7c8       0x3c cmd/built-in.o
                0x000000008780e7c8                getenv_hex
 .text.getenv_ulong
                0x000000008780e804       0x30 cmd/built-in.o
                0x000000008780e804                getenv_ulong
 .text.do_env_edit.part.3
                0x000000008780e834       0xa4 cmd/built-in.o
 .text.do_env_edit
                0x000000008780e8d8       0x2c cmd/built-in.o
 .text.common_diskboot
                0x000000008780e904      0x238 cmd/built-in.o
                0x000000008780e904                common_diskboot
 .text.board_init_f_alloc_reserve
                0x000000008780eb3c       0x10 common/built-in.o
                0x000000008780eb3c                board_init_f_alloc_reserve
 .text.board_init_f_init_reserve
                0x000000008780eb4c       0x20 common/built-in.o
                0x000000008780eb4c                board_init_f_init_reserve
 .text.show_boot_progress
                0x000000008780eb6c        0x4 common/built-in.o
                0x000000008780eb6c                show_boot_progress
 .text.main_loop
                0x000000008780eb70       0x20 common/built-in.o
                0x000000008780eb70                main_loop
 .text.dummy    0x000000008780eb90        0x4 common/built-in.o
 .text.get_version
                0x000000008780eb94        0x8 common/built-in.o
                0x000000008780eb94                get_version
 .text.jumptable_init
                0x000000008780eb9c      0x1e0 common/built-in.o
                0x000000008780eb9c                jumptable_init
 .text.hash_command
                0x000000008780ed7c       0xb0 common/built-in.o
                0x000000008780ed7c                hash_command
 .text.b_reset  0x000000008780ee2c       0x1c common/built-in.o
 .text.static_get
                0x000000008780ee48       0x1c common/built-in.o
 .text.static_peek
                0x000000008780ee64        0xc common/built-in.o
 .text.mapset   0x000000008780ee70       0x20 common/built-in.o
 .text.syntax_err
                0x000000008780ee90        0xc common/built-in.o
 .text.free_pipe_list
                0x000000008780ee9c       0xe4 common/built-in.o
 .text.xmalloc  0x000000008780ef80       0x20 common/built-in.o
 .text.new_pipe
                0x000000008780efa0       0x28 common/built-in.o
 .text.xrealloc
                0x000000008780efc8       0x20 common/built-in.o
 .text.done_command
                0x000000008780efe8       0x88 common/built-in.o
 .text.done_pipe
                0x000000008780f070       0x48 common/built-in.o
 .text.done_word
                0x000000008780f0b8      0x2cc common/built-in.o
 .text.is_assignment
                0x000000008780f384       0x5c common/built-in.o
 .text.file_get
                0x000000008780f3e0      0x1ec common/built-in.o
 .text.do_showvar
                0x000000008780f5cc      0x100 common/built-in.o
 .text.b_addchr
                0x000000008780f6cc       0x80 common/built-in.o
 .text.b_addqchr
                0x000000008780f74c       0x50 common/built-in.o
 .text.file_peek
                0x000000008780f79c        0xc common/built-in.o
 .text.get_local_var
                0x000000008780f7a8       0x94 common/built-in.o
                0x000000008780f7a8                get_local_var
 .text.set_local_var
                0x000000008780f83c      0x1a8 common/built-in.o
                0x000000008780f83c                set_local_var
 .text.insert_var_value_sub
                0x000000008780f9e4      0x2b8 common/built-in.o
 .text.parse_string_outer
                0x000000008780fc9c       0xe8 common/built-in.o
                0x000000008780fc9c                parse_string_outer
 .text.run_list_real
                0x000000008780fd84      0x7b0 common/built-in.o
 .text.parse_stream_outer
                0x0000000087810534      0x6c0 common/built-in.o
 .text.parse_file_outer
                0x0000000087810bf4       0x44 common/built-in.o
                0x0000000087810bf4                parse_file_outer
 .text.u_boot_hush_start
                0x0000000087810c38       0x54 common/built-in.o
                0x0000000087810c38                u_boot_hush_start
 .text.bootdelay_process
                0x0000000087810c8c       0xd0 common/built-in.o
                0x0000000087810c8c                bootdelay_process
 .text.autoboot_command
                0x0000000087810d5c       0xd4 common/built-in.o
                0x0000000087810d5c                autoboot_command
 .text.display_text_info
                0x0000000087810e30        0x8 common/built-in.o
 .text.setup_mon_len
                0x0000000087810e38       0x20 common/built-in.o
 .text.reserve_round_4k
                0x0000000087810e58       0x18 common/built-in.o
 .text.reserve_mmu
                0x0000000087810e70       0x38 common/built-in.o
 .text.reserve_uboot
                0x0000000087810ea8       0x30 common/built-in.o
 .text.reserve_malloc
                0x0000000087810ed8       0x18 common/built-in.o
 .text.reserve_global_data
                0x0000000087810ef0       0x1c common/built-in.o
 .text.reserve_fdt
                0x0000000087810f0c       0x4c common/built-in.o
 .text.arch_cpu_init_dm
                0x0000000087810f58        0x8 common/built-in.o
                0x0000000087810f58                arch_cpu_init_dm
 .text.announce_dram_init
                0x0000000087810f60       0x18 common/built-in.o
 .text.init_func_i2c
                0x0000000087810f78       0x28 common/built-in.o
 .text.init_baud_rate
                0x0000000087810fa0       0x2c common/built-in.o
 .text.mark_bootstage
                0x0000000087810fcc       0x14 common/built-in.o
 .text.initf_dm
                0x0000000087810fe0        0x8 common/built-in.o
 .text.setup_reloc
                0x0000000087810fe8       0x40 common/built-in.o
 .text.reloc_fdt
                0x0000000087811028       0x44 common/built-in.o
 .text.reserve_board
                0x000000008781106c       0x40 common/built-in.o
 .text.reserve_arch
                0x00000000878110ac        0x8 common/built-in.o
                0x00000000878110ac                reserve_arch
 .text.reserve_trace
                0x00000000878110b4        0x8 common/built-in.o
 .text.setup_machine
                0x00000000878110bc        0x8 common/built-in.o
 .text.display_new_sp
                0x00000000878110c4        0x8 common/built-in.o
 .text.initf_console_record
                0x00000000878110cc        0x8 common/built-in.o
 .text.coloured_LED_init
                0x00000000878110d4        0x4 common/built-in.o
                0x00000000878110d4                coloured_LED_init
 .text.red_led_on
                0x00000000878110d8        0x4 common/built-in.o
                0x00000000878110d8                red_led_on
 .text.board_add_ram_info
                0x00000000878110dc        0x4 common/built-in.o
                0x00000000878110dc                board_add_ram_info
 .text.show_dram_config
                0x00000000878110e0       0x38 common/built-in.o
 .text.dram_init_banksize
                0x0000000087811118       0x20 common/built-in.o
                0x0000000087811118                dram_init_banksize
 .text.setup_dram_config
                0x0000000087811138       0x10 common/built-in.o
 .text.board_get_usable_ram_top
                0x0000000087811148       0x14 common/built-in.o
                0x0000000087811148                board_get_usable_ram_top
 .text.board_reserve_ram_top
                0x000000008781115c        0x4 common/built-in.o
                0x000000008781115c                board_reserve_ram_top
 .text.setup_dest_addr
                0x0000000087811160       0x4c common/built-in.o
 .text.reserve_stacks
                0x00000000878111ac       0x1c common/built-in.o
 .text.board_init_f
                0x00000000878111c8       0x28 common/built-in.o
                0x00000000878111c8                board_init_f
 .text.bootstage_relocate
                0x00000000878111f0        0x8 common/built-in.o
 .text.initr_trace
                0x00000000878111f8        0x8 common/built-in.o
 .text.initr_reloc
                0x0000000087811200       0x18 common/built-in.o
 .text.initr_reloc_global_data
                0x0000000087811218       0x28 common/built-in.o
 .text.run_main_loop
                0x0000000087811240        0xc common/built-in.o
 .text.initr_net
                0x000000008781124c       0x1c common/built-in.o
 .text.initr_ethaddr
                0x0000000087811268       0x20 common/built-in.o
 .text.initr_enable_interrupts
                0x0000000087811288       0x10 common/built-in.o
 .text.initr_jumptable
                0x0000000087811298       0x10 common/built-in.o
 .text.initr_env
                0x00000000878112a8       0x30 common/built-in.o
 .text.initr_mmc
                0x00000000878112d8       0x20 common/built-in.o
 .text.initr_serial
                0x00000000878112f8       0x10 common/built-in.o
 .text.initr_bootstage
                0x0000000087811308       0x14 common/built-in.o
 .text.initr_dm
                0x000000008781131c       0x14 common/built-in.o
 .text.initr_malloc
                0x0000000087811330       0x24 common/built-in.o
 .text.initr_caches
                0x0000000087811354       0x10 common/built-in.o
 .text.initr_announce
                0x0000000087811364        0x8 common/built-in.o
 .text.initr_barrier
                0x000000008781136c        0x8 common/built-in.o
 .text.initr_console_record
                0x0000000087811374        0x8 common/built-in.o
 .text.cpu_secondary_init_r
                0x000000008781137c        0x4 common/built-in.o
                0x000000008781137c                cpu_secondary_init_r
 .text.initr_secondary_cpu
                0x0000000087811380       0x10 common/built-in.o
 .text.board_init_r
                0x0000000087811390       0x14 common/built-in.o
                0x0000000087811390                board_init_r
 .text.show_board_info
                0x00000000878113a4        0x4 common/built-in.o
                0x00000000878113a4                show_board_info
 .text.bootm_find_images
                0x00000000878113a8       0xa8 common/built-in.o
                0x00000000878113a8                bootm_find_images
 .text.bootm_decomp_image
                0x0000000087811450      0x140 common/built-in.o
                0x0000000087811450                bootm_decomp_image
 .text.bootm_disable_interrupts
                0x0000000087811590       0x18 common/built-in.o
                0x0000000087811590                bootm_disable_interrupts
 .text.do_bootm_states
                0x00000000878115a8      0x720 common/built-in.o
                0x00000000878115a8                do_bootm_states
 .text.copy_args
                0x0000000087811cc8       0x4c common/built-in.o
 .text.do_bootm_rtems
                0x0000000087811d14       0x40 common/built-in.o
 .text.do_bootm_plan9
                0x0000000087811d54       0xa4 common/built-in.o
 .text.do_bootm_standalone
                0x0000000087811df8       0x64 common/built-in.o
 .text.do_bootm_qnxelf
                0x0000000087811e5c       0x5c common/built-in.o
 .text.do_bootm_netbsd
                0x0000000087811eb8       0xf8 common/built-in.o
 .text.do_bootvx_fdt
                0x0000000087811fb0      0x114 common/built-in.o
                0x0000000087811fb0                do_bootvx_fdt
 .text.do_bootm_vxworks
                0x00000000878120c4       0x24 common/built-in.o
 .text.boot_selected_os
                0x00000000878120e8       0x58 common/built-in.o
                0x00000000878120e8                boot_selected_os
 .text.bootm_os_get_boot_func
                0x0000000087812140       0x10 common/built-in.o
                0x0000000087812140                bootm_os_get_boot_func
 .text.regex_callback
                0x0000000087812150      0x130 common/built-in.o
 .text.env_attr_walk
                0x0000000087812280      0x120 common/built-in.o
                0x0000000087812280                env_attr_walk
 .text.env_attr_lookup
                0x00000000878123a0       0x84 common/built-in.o
                0x00000000878123a0                env_attr_lookup
 .text.clear_callback
                0x0000000087812424       0x10 common/built-in.o
 .text.find_env_callback
                0x0000000087812434       0x5c common/built-in.o
 .text.on_callbacks
                0x0000000087812490       0x50 common/built-in.o
 .text.set_callback
                0x00000000878124e0       0x9c common/built-in.o
 .text.env_callback_init
                0x000000008781257c       0xc4 common/built-in.o
                0x000000008781257c                env_callback_init
 .text.skip_num
                0x0000000087812640       0x6c common/built-in.o
 .text.clear_flags
                0x00000000878126ac       0x10 common/built-in.o
 .text.on_flags
                0x00000000878126bc       0x50 common/built-in.o
 .text.env_flags_parse_vartype
                0x000000008781270c       0x50 common/built-in.o
                0x000000008781270c                env_flags_parse_vartype
 .text.env_flags_parse_varaccess
                0x000000008781275c       0x50 common/built-in.o
                0x000000008781275c                env_flags_parse_varaccess
 .text.set_flags
                0x00000000878127ac       0xb0 common/built-in.o
 .text.eth_validate_ethaddr_str
                0x000000008781285c       0x94 common/built-in.o
                0x000000008781285c                eth_validate_ethaddr_str
 .text.env_flags_init
                0x00000000878128f0       0xd8 common/built-in.o
                0x00000000878128f0                env_flags_init
 .text.env_flags_validate
                0x00000000878129c8      0x288 common/built-in.o
                0x00000000878129c8                env_flags_validate
 .text.mmc_get_env_addr
                0x0000000087812c50       0x10 common/built-in.o
                0x0000000087812c50                mmc_get_env_addr
 .text.fini_mmc_for_env.isra.0
                0x0000000087812c60       0x1c common/built-in.o
 .text.env_init
                0x0000000087812c7c       0x1c common/built-in.o
                0x0000000087812c7c                env_init
 .text.init_mmc_for_env
                0x0000000087812c98       0x78 common/built-in.o
 .text.saveenv  0x0000000087812d10      0x110 common/built-in.o
                0x0000000087812d10                saveenv
 .text.env_relocate_spec
                0x0000000087812e20       0xd8 common/built-in.o
                0x0000000087812e20                env_relocate_spec
 .text.fdt_find_and_setprop
                0x0000000087812ef8       0x70 common/built-in.o
                0x0000000087812ef8                fdt_find_and_setprop
 .text.fdt_find_or_add_subnode
                0x0000000087812f68       0x60 common/built-in.o
                0x0000000087812f68                fdt_find_or_add_subnode
 .text.fdt_root
                0x0000000087812fc8       0x90 common/built-in.o
                0x0000000087812fc8                fdt_root
 .text.fdt_initrd
                0x0000000087813058      0x1d0 common/built-in.o
                0x0000000087813058                fdt_initrd
 .text.fdt_chosen
                0x0000000087813228       0xa8 common/built-in.o
                0x0000000087813228                fdt_chosen
 .text.do_fixup_by_path
                0x00000000878132d0       0x54 common/built-in.o
                0x00000000878132d0                do_fixup_by_path
 .text.fdt_fixup_memory_banks
                0x0000000087813324      0x1d8 common/built-in.o
                0x0000000087813324                fdt_fixup_memory_banks
 .text.fdt_fixup_memory
                0x00000000878134fc       0x20 common/built-in.o
                0x00000000878134fc                fdt_fixup_memory
 .text.fdt_fixup_ethernet
                0x000000008781351c      0x18c common/built-in.o
                0x000000008781351c                fdt_fixup_ethernet
 .text.fdt_shrink_to_minimum
                0x00000000878136a8       0xcc common/built-in.o
                0x00000000878136a8                fdt_shrink_to_minimum
 .text.miiphy_get_dev_by_name
                0x0000000087813774       0x58 common/built-in.o
                0x0000000087813774                miiphy_get_dev_by_name
 .text.miiphy_init
                0x00000000878137cc       0x24 common/built-in.o
                0x00000000878137cc                miiphy_init
 .text.mdio_alloc
                0x00000000878137f0       0x30 common/built-in.o
                0x00000000878137f0                mdio_alloc
 .text.mdio_register
                0x0000000087813820       0x88 common/built-in.o
                0x0000000087813820                mdio_register
 .text.mdio_unregister
                0x00000000878138a8       0x3c common/built-in.o
                0x00000000878138a8                mdio_unregister
 .text.mdio_list_devices
                0x00000000878138e4       0xac common/built-in.o
                0x00000000878138e4                mdio_list_devices
 .text.miiphy_set_current_dev
                0x0000000087813990       0x40 common/built-in.o
                0x0000000087813990                miiphy_set_current_dev
 .text.miiphy_get_active_dev
                0x00000000878139d0       0x54 common/built-in.o
 .text.mdio_get_current_dev
                0x0000000087813a24       0x10 common/built-in.o
                0x0000000087813a24                mdio_get_current_dev
 .text.mdio_phydev_for_ethname
                0x0000000087813a34       0x88 common/built-in.o
                0x0000000087813a34                mdio_phydev_for_ethname
 .text.miiphy_get_current_dev
                0x0000000087813abc       0x18 common/built-in.o
                0x0000000087813abc                miiphy_get_current_dev
 .text.miiphy_read
                0x0000000087813ad4       0x4c common/built-in.o
                0x0000000087813ad4                miiphy_read
 .text.miiphy_write
                0x0000000087813b20       0x40 common/built-in.o
                0x0000000087813b20                miiphy_write
 .text.miiphy_listdev
                0x0000000087813b60       0x78 common/built-in.o
                0x0000000087813b60                miiphy_listdev
 .text.miiphy_info
                0x0000000087813bd8       0x88 common/built-in.o
                0x0000000087813bd8                miiphy_info
 .text.miiphy_speed
                0x0000000087813c60       0x90 common/built-in.o
                0x0000000087813c60                miiphy_speed
 .text.miiphy_duplex
                0x0000000087813cf0       0x90 common/built-in.o
                0x0000000087813cf0                miiphy_duplex
 .text.miiphy_is_1000base_x
                0x0000000087813d80        0x8 common/built-in.o
                0x0000000087813d80                miiphy_is_1000base_x
 .text.usb_set_maxpacket_ep
                0x0000000087813d88       0x78 common/built-in.o
 .text.usb_stop
                0x0000000087813e00       0x80 common/built-in.o
                0x0000000087813e00                usb_stop
 .text.usb_disable_asynch
                0x0000000087813e80       0x20 common/built-in.o
                0x0000000087813e80                usb_disable_asynch
 .text.usb_control_msg
                0x0000000087813ea0       0xbc common/built-in.o
                0x0000000087813ea0                usb_control_msg
 .text.usb_get_descriptor
                0x0000000087813f5c       0x58 common/built-in.o
 .text.get_descriptor_len
                0x0000000087813fb4       0x90 common/built-in.o
 .text.usb_get_string
                0x0000000087814044       0x78 common/built-in.o
 .text.usb_string_sub
                0x00000000878140bc      0x104 common/built-in.o
 .text.usb_bulk_msg
                0x00000000878141c0       0x70 common/built-in.o
                0x00000000878141c0                usb_bulk_msg
 .text.usb_maxpacket
                0x0000000087814230       0x18 common/built-in.o
                0x0000000087814230                usb_maxpacket
 .text.usb_clear_halt
                0x0000000087814248       0x90 common/built-in.o
                0x0000000087814248                usb_clear_halt
 .text.usb_get_configuration_len
                0x00000000878142d8       0x74 common/built-in.o
                0x00000000878142d8                usb_get_configuration_len
 .text.usb_get_configuration_no
                0x000000008781434c       0x34 common/built-in.o
                0x000000008781434c                usb_get_configuration_no
 .text.usb_set_interface
                0x0000000087814380       0xb4 common/built-in.o
                0x0000000087814380                usb_set_interface
 .text.usb_string
                0x0000000087814434      0x104 common/built-in.o
                0x0000000087814434                usb_string
 .text.usb_get_dev_index
                0x0000000087814538       0x24 common/built-in.o
                0x0000000087814538                usb_get_dev_index
 .text.usb_alloc_new_device
                0x000000008781455c       0x8c common/built-in.o
                0x000000008781455c                usb_alloc_new_device
 .text.usb_free_device
                0x00000000878145e8       0x48 common/built-in.o
                0x00000000878145e8                usb_free_device
 .text.usb_alloc_device
                0x0000000087814630        0x8 common/built-in.o
                0x0000000087814630                usb_alloc_device
 .text.usb_select_config
                0x0000000087814638      0x450 common/built-in.o
                0x0000000087814638                usb_select_config
 .text.usb_setup_device
                0x0000000087814a88      0x198 common/built-in.o
                0x0000000087814a88                usb_setup_device
 .text.usb_new_device
                0x0000000087814c20       0x30 common/built-in.o
                0x0000000087814c20                usb_new_device
 .text.usb_init
                0x0000000087814c50      0x174 common/built-in.o
                0x0000000087814c50                usb_init
 .text.usb_device_has_child_on_port
                0x0000000087814dc4       0x14 common/built-in.o
                0x0000000087814dc4                usb_device_has_child_on_port
 .text.usb_find_usb2_hub_address_port
                0x0000000087814dd8       0x5c common/built-in.o
                0x0000000087814dd8                usb_find_usb2_hub_address_port
 .text.usb_set_port_feature
                0x0000000087814e34       0x4c common/built-in.o
 .text.usb_clear_port_feature
                0x0000000087814e80       0x4c common/built-in.o
 .text.usb_get_hub_descriptor
                0x0000000087814ecc       0x4c common/built-in.o
 .text.usb_hub_power_on
                0x0000000087814f18       0x6c common/built-in.o
 .text.usb_hub_reset_devices
                0x0000000087814f84        0x4 common/built-in.o
                0x0000000087814f84                usb_hub_reset_devices
 .text.usb_get_port_status
                0x0000000087814f88       0x4c common/built-in.o
                0x0000000087814f88                usb_get_port_status
 .text.usb_hub_reset
                0x0000000087814fd4       0x14 common/built-in.o
                0x0000000087814fd4                usb_hub_reset
 .text.legacy_hub_port_reset
                0x0000000087814fe8       0xa0 common/built-in.o
                0x0000000087814fe8                legacy_hub_port_reset
 .text.usb_hub_port_connect_change
                0x0000000087815088      0x160 common/built-in.o
                0x0000000087815088                usb_hub_port_connect_change
 .text.usb_hub_configure
                0x00000000878151e8      0x2cc common/built-in.o
 .text.usb_hub_probe
                0x00000000878154b4       0x54 common/built-in.o
                0x00000000878154b4                usb_hub_probe
 .text.usb_stor_irq
                0x0000000087815508       0x1c common/built-in.o
 .text.usb_stor_BBB_reset
                0x0000000087815524       0xd8 common/built-in.o
 .text.usb_stor_CB_reset
                0x00000000878155fc       0xd0 common/built-in.o
 .text.usb_stor_BBB_clear_endpt_stall.isra.0
                0x00000000878156cc       0x40 common/built-in.o
 .text.usb_stor_BBB_transport
                0x000000008781570c      0x264 common/built-in.o
 .text.usb_stor_CB_comdat
                0x0000000087815970      0x210 common/built-in.o
 .text.usb_stor_CBI_get_status.isra.2
                0x0000000087815b80       0xcc common/built-in.o
 .text.usb_stor_CB_transport
                0x0000000087815c4c      0x1fc common/built-in.o
 .text.usb_request_sense.constprop.8
                0x0000000087815e48       0x70 common/built-in.o
 .text.usb_stor_read
                0x0000000087815eb8      0x168 common/built-in.o
 .text.usb_stor_write
                0x0000000087816020      0x168 common/built-in.o
 .text.usb_stor_get_dev
                0x0000000087816188       0x28 common/built-in.o
                0x0000000087816188                usb_stor_get_dev
 .text.usb_stor_info
                0x00000000878161b0       0x78 common/built-in.o
                0x00000000878161b0                usb_stor_info
 .text.usb_storage_probe
                0x0000000087816228      0x204 common/built-in.o
                0x0000000087816228                usb_storage_probe
 .text.usb_stor_get_info
                0x000000008781642c      0x320 common/built-in.o
                0x000000008781642c                usb_stor_get_info
 .text.usb_stor_scan
                0x000000008781674c      0x1e0 common/built-in.o
                0x000000008781674c                usb_stor_scan
 .text.splash_screen_prepare
                0x000000008781692c        0x8 common/built-in.o
                0x000000008781692c                splash_screen_prepare
 .text.splash_get_pos
                0x0000000087816934       0x88 common/built-in.o
                0x0000000087816934                splash_get_pos
 .text.env_get_char_spec
                0x00000000878169bc        0xc common/built-in.o
                0x00000000878169bc                env_get_char_spec
 .text.env_get_addr
                0x00000000878169c8       0x20 common/built-in.o
                0x00000000878169c8                env_get_addr
 .text.env_get_char_memory
                0x00000000878169e8       0x10 common/built-in.o
                0x00000000878169e8                env_get_char_memory
 .text.env_get_char
                0x00000000878169f8       0x30 common/built-in.o
                0x00000000878169f8                env_get_char
 .text.getenv_yesno
                0x0000000087816a28       0x3c common/built-in.o
                0x0000000087816a28                getenv_yesno
 .text.getenv_default
                0x0000000087816a64       0x30 common/built-in.o
                0x0000000087816a64                getenv_default
 .text.set_default_env
                0x0000000087816a94       0xc0 common/built-in.o
                0x0000000087816a94                set_default_env
 .text.set_default_vars
                0x0000000087816b54       0x3c common/built-in.o
                0x0000000087816b54                set_default_vars
 .text.env_import
                0x0000000087816b90       0xdc common/built-in.o
                0x0000000087816b90                env_import
 .text.env_export
                0x0000000087816c6c       0xa0 common/built-in.o
                0x0000000087816c6c                env_export
 .text.env_relocate
                0x0000000087816d0c       0x2c common/built-in.o
                0x0000000087816d0c                env_relocate
 .text.env_complete
                0x0000000087816d38       0xdc common/built-in.o
                0x0000000087816d38                env_complete
 .text.console_setfile
                0x0000000087816e14       0xb8 common/built-in.o
 .text.serial_printf
                0x0000000087816ecc       0x44 common/built-in.o
                0x0000000087816ecc                serial_printf
 .text.fgetc    0x0000000087816f10       0x24 common/built-in.o
                0x0000000087816f10                fgetc
 .text.getc     0x0000000087816f34       0x24 common/built-in.o
                0x0000000087816f34                getc
 .text.ftstc    0x0000000087816f58       0x24 common/built-in.o
                0x0000000087816f58                ftstc
 .text.tstc     0x0000000087816f7c       0x24 common/built-in.o
                0x0000000087816f7c                tstc
 .text.fputc    0x0000000087816fa0       0x1c common/built-in.o
                0x0000000087816fa0                fputc
 .text.putc     0x0000000087816fbc       0x28 common/built-in.o
                0x0000000087816fbc                putc
 .text.fputs    0x0000000087816fe4       0x1c common/built-in.o
                0x0000000087816fe4                fputs
 .text.puts     0x0000000087817000       0x28 common/built-in.o
                0x0000000087817000                puts
 .text.ctrlc    0x0000000087817028       0x58 common/built-in.o
                0x0000000087817028                ctrlc
 .text.confirm_yesno
                0x0000000087817080       0xcc common/built-in.o
                0x0000000087817080                confirm_yesno
 .text.had_ctrlc
                0x000000008781714c       0x10 common/built-in.o
                0x000000008781714c                had_ctrlc
 .text.clear_ctrlc
                0x000000008781715c       0x14 common/built-in.o
                0x000000008781715c                clear_ctrlc
 .text.search_device
                0x0000000087817170       0x28 common/built-in.o
                0x0000000087817170                search_device
 .text.console_assign
                0x0000000087817198       0x40 common/built-in.o
                0x0000000087817198                console_assign
 .text.on_console
                0x00000000878171d8       0xb8 common/built-in.o
 .text.console_init_f
                0x0000000087817290       0x10 common/built-in.o
                0x0000000087817290                console_init_f
 .text.stdio_print_current_devices
                0x00000000878172a0       0xb0 common/built-in.o
                0x00000000878172a0                stdio_print_current_devices
 .text.console_init_r
                0x0000000087817350      0x17c common/built-in.o
                0x0000000087817350                console_init_r
 .text.sbrk     0x00000000878174cc       0x6c common/built-in.o
                0x00000000878174cc                sbrk
 .text.mem_malloc_init
                0x0000000087817538       0x34 common/built-in.o
                0x0000000087817538                mem_malloc_init
 .text.malloc_trim
                0x000000008781756c       0xd0 common/built-in.o
                0x000000008781756c                malloc_trim
 .text.free     0x000000008781763c      0x240 common/built-in.o
                0x000000008781763c                free
 .text.malloc   0x000000008781787c      0x614 common/built-in.o
                0x000000008781787c                malloc
 .text.calloc   0x0000000087817e90      0x140 common/built-in.o
                0x0000000087817e90                calloc
 .text.realloc  0x0000000087817fd0      0x41c common/built-in.o
                0x0000000087817fd0                realloc
 .text.memalign
                0x00000000878183ec      0x138 common/built-in.o
                0x00000000878183ec                memalign
 .text.initf_malloc
                0x0000000087818524       0x18 common/built-in.o
                0x0000000087818524                initf_malloc
 .text.malloc_simple
                0x000000008781853c       0x30 common/built-in.o
                0x000000008781853c                malloc_simple
 .text.on_loadaddr
                0x000000008781856c       0x40 common/built-in.o
 .text.image_check_hcrc
                0x00000000878185ac       0x4c common/built-in.o
                0x00000000878185ac                image_check_hcrc
 .text.image_check_dcrc
                0x00000000878185f8       0x38 common/built-in.o
                0x00000000878185f8                image_check_dcrc
 .text.image_multi_count
                0x0000000087818630       0x1c common/built-in.o
                0x0000000087818630                image_multi_count
 .text.image_multi_getimg
                0x000000008781864c       0x80 common/built-in.o
                0x000000008781864c                image_multi_getimg
 .text.getenv_bootm_low
                0x00000000878186cc       0x30 common/built-in.o
                0x00000000878186cc                getenv_bootm_low
 .text.getenv_bootm_size
                0x00000000878186fc       0x68 common/built-in.o
                0x00000000878186fc                getenv_bootm_size
 .text.getenv_bootm_mapsize
                0x0000000087818764       0x30 common/built-in.o
                0x0000000087818764                getenv_bootm_mapsize
 .text.memmove_wd
                0x0000000087818794        0xc common/built-in.o
                0x0000000087818794                memmove_wd
 .text.genimg_print_size
                0x00000000878187a0       0x30 common/built-in.o
                0x00000000878187a0                genimg_print_size
 .text.get_table_entry
                0x00000000878187d0       0x24 common/built-in.o
                0x00000000878187d0                get_table_entry
 .text.get_table_entry_name
                0x00000000878187f4       0x20 common/built-in.o
                0x00000000878187f4                get_table_entry_name
 .text.genimg_get_os_name
                0x0000000087818814       0x18 common/built-in.o
                0x0000000087818814                genimg_get_os_name
 .text.genimg_get_arch_name
                0x000000008781882c       0x18 common/built-in.o
                0x000000008781882c                genimg_get_arch_name
 .text.genimg_get_type_name
                0x0000000087818844       0x18 common/built-in.o
                0x0000000087818844                genimg_get_type_name
 .text.genimg_get_comp_name
                0x000000008781885c       0x18 common/built-in.o
                0x000000008781885c                genimg_get_comp_name
 .text.image_print_contents
                0x0000000087818874      0x17c common/built-in.o
                0x0000000087818874                image_print_contents
 .text.genimg_get_kernel_addr_fit
                0x00000000878189f0       0x24 common/built-in.o
                0x00000000878189f0                genimg_get_kernel_addr_fit
 .text.genimg_get_format
                0x0000000087818a14       0x34 common/built-in.o
                0x0000000087818a14                genimg_get_format
 .text.genimg_get_image
                0x0000000087818a48        0x4 common/built-in.o
                0x0000000087818a48                genimg_get_image
 .text.genimg_has_config
                0x0000000087818a4c        0x8 common/built-in.o
                0x0000000087818a4c                genimg_has_config
 .text.boot_get_ramdisk
                0x0000000087818a54      0x270 common/built-in.o
                0x0000000087818a54                boot_get_ramdisk
 .text.boot_ramdisk_high
                0x0000000087818cc4      0x130 common/built-in.o
                0x0000000087818cc4                boot_ramdisk_high
 .text.boot_get_setup
                0x0000000087818df4        0x8 common/built-in.o
                0x0000000087818df4                boot_get_setup
 .text.image_setup_linux
                0x0000000087818dfc       0x88 common/built-in.o
                0x0000000087818dfc                image_setup_linux
 .text.fdt_error
                0x0000000087818e84       0x2c common/built-in.o
 .text.boot_fdt_add_mem_rsv_regions
                0x0000000087818eb0       0x8c common/built-in.o
                0x0000000087818eb0                boot_fdt_add_mem_rsv_regions
 .text.boot_relocate_fdt
                0x0000000087818f3c      0x194 common/built-in.o
                0x0000000087818f3c                boot_relocate_fdt
 .text.boot_get_fdt
                0x00000000878190d0      0x28c common/built-in.o
                0x00000000878190d0                boot_get_fdt
 .text.ft_verify_fdt
                0x000000008781935c        0x8 common/built-in.o
                0x000000008781935c                ft_verify_fdt
 .text.image_setup_libfdt
                0x0000000087819364       0xfc common/built-in.o
                0x0000000087819364                image_setup_libfdt
 .text.get_effective_memsize
                0x0000000087819460        0x8 common/built-in.o
                0x0000000087819460                get_effective_memsize
 .text.nulldev_putc
                0x0000000087819468        0x4 common/built-in.o
 .text.nulldev_puts
                0x000000008781946c        0x4 common/built-in.o
 .text.nulldev_input
                0x0000000087819470        0x8 common/built-in.o
 .text.stdio_serial_tstc
                0x0000000087819478        0x4 common/built-in.o
 .text.stdio_serial_getc
                0x000000008781947c        0x4 common/built-in.o
 .text.stdio_serial_puts
                0x0000000087819480        0x8 common/built-in.o
 .text.stdio_serial_putc
                0x0000000087819488        0x8 common/built-in.o
 .text.stdio_get_list
                0x0000000087819490        0xc common/built-in.o
                0x0000000087819490                stdio_get_list
 .text.stdio_get_by_name
                0x000000008781949c       0x4c common/built-in.o
                0x000000008781949c                stdio_get_by_name
 .text.stdio_clone
                0x00000000878194e8       0x38 common/built-in.o
                0x00000000878194e8                stdio_clone
 .text.stdio_register_dev
                0x0000000087819520       0x50 common/built-in.o
                0x0000000087819520                stdio_register_dev
 .text.stdio_register
                0x0000000087819570        0x8 common/built-in.o
                0x0000000087819570                stdio_register
 .text.stdio_init_tables
                0x0000000087819578       0x1c common/built-in.o
                0x0000000087819578                stdio_init_tables
 .text.stdio_add_devices
                0x0000000087819594       0xd4 common/built-in.o
                0x0000000087819594                stdio_add_devices
 .text.run_command
                0x0000000087819668       0x10 common/built-in.o
                0x0000000087819668                run_command
 .text.run_command_list
                0x0000000087819678       0x7c common/built-in.o
                0x0000000087819678                run_command_list
 .text.do_run   0x00000000878196f4       0x74 common/built-in.o
                0x00000000878196f4                do_run
 .text.cli_loop
                0x0000000087819768        0xc common/built-in.o
                0x0000000087819768                cli_loop
 .text.cli_init
                0x0000000087819774        0x4 common/built-in.o
                0x0000000087819774                cli_init
 .text.delete_char.part.0
                0x0000000087819778       0xd0 common/built-in.o
 .text.cread_add_char
                0x0000000087819848       0xe4 common/built-in.o
 .text.cli_readline_into_buffer
                0x000000008781992c      0x98c common/built-in.o
                0x000000008781992c                cli_readline_into_buffer
 .text.cli_readline
                0x000000008781a2b8       0x14 common/built-in.o
                0x000000008781a2b8                cli_readline
 .text.find_cmd_tbl
                0x000000008781a2cc       0xa4 common/built-in.o
                0x000000008781a2cc                find_cmd_tbl
 .text.find_cmd
                0x000000008781a370       0x28 common/built-in.o
                0x000000008781a370                find_cmd
 .text.cmd_usage
                0x000000008781a398       0x5c common/built-in.o
                0x000000008781a398                cmd_usage
 .text._do_help
                0x000000008781a3f4      0x184 common/built-in.o
                0x000000008781a3f4                _do_help
 .text.var_complete
                0x000000008781a578       0x88 common/built-in.o
                0x000000008781a578                var_complete
 .text.cmd_auto_complete
                0x000000008781a600      0x4c4 common/built-in.o
                0x000000008781a600                cmd_auto_complete
 .text.cmd_get_data_size
                0x000000008781aac4       0x50 common/built-in.o
                0x000000008781aac4                cmd_get_data_size
 .text.cmd_process
                0x000000008781ab14       0xec common/built-in.o
                0x000000008781ab14                cmd_process
 .text.cmd_process_error
                0x000000008781ac00       0x30 common/built-in.o
                0x000000008781ac00                cmd_process_error
 .text.hex1_bin
                0x000000008781ac30       0x40 common/built-in.o
 .text.hex2_bin
                0x000000008781ac70       0x38 common/built-in.o
 .text.srec_decode
                0x000000008781aca8      0x244 common/built-in.o
                0x000000008781aca8                srec_decode
 .text.CYGACC_COMM_IF_GETC_TIMEOUT.isra.0
                0x000000008781aeec       0x5c common/built-in.o
 .text.xyzModem_flush
                0x000000008781af48       0x1c common/built-in.o
 .text.xyzModem_get_hdr
                0x000000008781af64      0x218 common/built-in.o
 .text.xyzModem_stream_open
                0x000000008781b17c      0x214 common/built-in.o
                0x000000008781b17c                xyzModem_stream_open
 .text.xyzModem_stream_read
                0x000000008781b390      0x25c common/built-in.o
                0x000000008781b390                xyzModem_stream_read
 .text.xyzModem_stream_close
                0x000000008781b5ec       0x54 common/built-in.o
                0x000000008781b5ec                xyzModem_stream_close
 .text.xyzModem_stream_terminate
                0x000000008781b640       0x94 common/built-in.o
                0x000000008781b640                xyzModem_stream_terminate
 .text.xyzModem_error
                0x000000008781b6d4       0x1c common/built-in.o
                0x000000008781b6d4                xyzModem_error
 .text.get_dev_hwpart.part.0
                0x000000008781b6f0       0x98 disk/built-in.o
 .text.dev_print
                0x000000008781b788      0x214 disk/built-in.o
                0x000000008781b788                dev_print
 .text.init_part
                0x000000008781b99c       0x20 disk/built-in.o
                0x000000008781b99c                init_part
 .text.print_part
                0x000000008781b9bc       0xf4 disk/built-in.o
                0x000000008781b9bc                print_part
 .text.get_partition_info
                0x000000008781bab0       0x2c disk/built-in.o
                0x000000008781bab0                get_partition_info
 .text.get_device
                0x000000008781badc      0x138 disk/built-in.o
                0x000000008781badc                get_device
 .text.get_device_and_partition
                0x000000008781bc14      0x3ec disk/built-in.o
                0x000000008781bc14                get_device_and_partition
 .text.test_block_type
                0x000000008781c000       0x84 disk/built-in.o
 .text.print_partition_extended
                0x000000008781c084      0x274 disk/built-in.o
 .text.get_partition_info_extended.constprop.1
                0x000000008781c2f8      0x2e4 disk/built-in.o
 .text.test_part_dos
                0x000000008781c5dc       0x60 disk/built-in.o
                0x000000008781c5dc                test_part_dos
 .text.print_part_dos
                0x000000008781c63c       0x34 disk/built-in.o
                0x000000008781c63c                print_part_dos
 .text.get_partition_info_dos
                0x000000008781c670       0x20 disk/built-in.o
                0x000000008781c670                get_partition_info_dos
 .text.alloc_priv
                0x000000008781c690       0x44 drivers/built-in.o
 .text.device_bind
                0x000000008781c6d4      0x304 drivers/built-in.o
                0x000000008781c6d4                device_bind
 .text.device_bind_by_name
                0x000000008781c9d8       0x60 drivers/built-in.o
                0x000000008781c9d8                device_bind_by_name
 .text.device_probe
                0x000000008781ca38      0x21c drivers/built-in.o
                0x000000008781ca38                device_probe
 .text.dev_get_platdata
                0x000000008781cc54       0x30 drivers/built-in.o
                0x000000008781cc54                dev_get_platdata
 .text.dev_get_priv
                0x000000008781cc84       0x30 drivers/built-in.o
                0x000000008781cc84                dev_get_priv
 .text.lists_driver_lookup_name
                0x000000008781ccb4       0x48 drivers/built-in.o
                0x000000008781ccb4                lists_driver_lookup_name
 .text.lists_uclass_lookup
                0x000000008781ccfc       0x38 drivers/built-in.o
                0x000000008781ccfc                lists_uclass_lookup
 .text.lists_bind_drivers
                0x000000008781cd34       0x8c drivers/built-in.o
                0x000000008781cd34                lists_bind_drivers
 .text.dm_root  0x000000008781cdc0       0x2c drivers/built-in.o
                0x000000008781cdc0                dm_root
 .text.dm_init  0x000000008781cdec       0x58 drivers/built-in.o
                0x000000008781cdec                dm_init
 .text.dm_scan_platdata
                0x000000008781ce44       0x2c drivers/built-in.o
                0x000000008781ce44                dm_scan_platdata
 .text.dm_scan_other
                0x000000008781ce70        0x8 drivers/built-in.o
                0x000000008781ce70                dm_scan_other
 .text.dm_init_and_scan
                0x000000008781ce78       0x30 drivers/built-in.o
                0x000000008781ce78                dm_init_and_scan
 .text.uclass_find
                0x000000008781cea8       0x4c drivers/built-in.o
                0x000000008781cea8                uclass_find
 .text.uclass_get
                0x000000008781cef4      0x118 drivers/built-in.o
                0x000000008781cef4                uclass_get
 .text.uclass_find_device
                0x000000008781d00c       0x74 drivers/built-in.o
                0x000000008781d00c                uclass_find_device
 .text.uclass_find_device_by_seq
                0x000000008781d080       0x7c drivers/built-in.o
                0x000000008781d080                uclass_find_device_by_seq
 .text.uclass_get_device_tail
                0x000000008781d0fc       0x30 drivers/built-in.o
                0x000000008781d0fc                uclass_get_device_tail
 .text.uclass_get_device
                0x000000008781d12c       0x30 drivers/built-in.o
                0x000000008781d12c                uclass_get_device
 .text.uclass_bind_device
                0x000000008781d15c       0x7c drivers/built-in.o
                0x000000008781d15c                uclass_bind_device
 .text.uclass_unbind_device
                0x000000008781d1d8       0x4c drivers/built-in.o
                0x000000008781d1d8                uclass_unbind_device
 .text.uclass_resolve_seq
                0x000000008781d224       0xb4 drivers/built-in.o
                0x000000008781d224                uclass_resolve_seq
 .text.uclass_pre_probe_device
                0x000000008781d2d8       0x60 drivers/built-in.o
                0x000000008781d2d8                uclass_pre_probe_device
 .text.uclass_post_probe_device
                0x000000008781d338       0x20 drivers/built-in.o
                0x000000008781d338                uclass_post_probe_device
 .text.uclass_pre_remove_device
                0x000000008781d358       0x20 drivers/built-in.o
                0x000000008781d358                uclass_pre_remove_device
 .text.dm_warn  0x000000008781d378       0x28 drivers/built-in.o
                0x000000008781d378                dm_warn
 .text.device_free
                0x000000008781d3a0       0x90 drivers/built-in.o
                0x000000008781d3a0                device_free
 .text.device_remove
                0x000000008781d430      0x128 drivers/built-in.o
                0x000000008781d430                device_remove
 .text.show_devices
                0x000000008781d558      0x100 drivers/built-in.o
 .text.dm_dump_all
                0x000000008781d658       0x3c drivers/built-in.o
                0x000000008781d658                dm_dump_all
 .text.dm_dump_uclass
                0x000000008781d694       0xec drivers/built-in.o
                0x000000008781d694                dm_dump_uclass
 .text.finish_access
                0x000000008781d780       0x2c drivers/built-in.o
 .text.setup_direct_access
                0x000000008781d7ac      0x11c drivers/built-in.o
 .text.prepare_access
                0x000000008781d8c8       0xcc drivers/built-in.o
 .text.fuse_bank_physical
                0x000000008781d994       0xcc drivers/built-in.o
                0x000000008781d994                fuse_bank_physical
 .text.fuse_word_physical
                0x000000008781da60       0x40 drivers/built-in.o
                0x000000008781da60                fuse_word_physical
 .text.fuse_read
                0x000000008781daa0       0x80 drivers/built-in.o
                0x000000008781daa0                fuse_read
 .text.fuse_sense
                0x000000008781db20       0x94 drivers/built-in.o
                0x000000008781db20                fuse_sense
 .text.fuse_prog
                0x000000008781dbb4       0x88 drivers/built-in.o
                0x000000008781dbb4                fuse_prog
 .text.fuse_override
                0x000000008781dc3c       0x78 drivers/built-in.o
                0x000000008781dc3c                fuse_override
 .text.video_drawchars
                0x000000008781dcb4      0x448 drivers/built-in.o
 .text.video_invertchar
                0x000000008781e0fc       0x78 drivers/built-in.o
 .text.draw_bitmap
                0x000000008781e174       0xdc drivers/built-in.o
 .text.console_cursor.part.0
                0x000000008781e250       0x28 drivers/built-in.o
 .text.console_newline.constprop.3
                0x000000008781e278       0xe4 drivers/built-in.o
 .text.board_cfb_skip
                0x000000008781e35c        0x8 drivers/built-in.o
                0x000000008781e35c                board_cfb_skip
 .text.console_cursor
                0x000000008781e364       0xa4 drivers/built-in.o
                0x000000008781e364                console_cursor
 .text.video_putc
                0x000000008781e408      0x1a0 drivers/built-in.o
 .text.video_puts
                0x000000008781e5a8       0x7c drivers/built-in.o
 .text.video_set_lut
                0x000000008781e624        0x4 drivers/built-in.o
                0x000000008781e624                video_set_lut
 .text.display_rle8_bitmap
                0x000000008781e628      0x384 drivers/built-in.o
 .text.plot_logo_or_black
                0x000000008781e9ac      0x290 drivers/built-in.o
 .text.do_clrlogo
                0x000000008781ec3c       0x44 drivers/built-in.o
 .text.video_display_bitmap
                0x000000008781ec80      0x968 drivers/built-in.o
                0x000000008781ec80                video_display_bitmap
 .text.video_clear
                0x000000008781f5e8       0x54 drivers/built-in.o
                0x000000008781f5e8                video_clear
 .text.drv_video_init
                0x000000008781f63c      0x40c drivers/built-in.o
                0x000000008781f63c                drv_video_init
 .text.mxsfb_system_setup
                0x000000008781fa48        0x4 drivers/built-in.o
                0x000000008781fa48                mxsfb_system_setup
 .text.mxs_lcd_panel_setup
                0x000000008781fa4c       0x78 drivers/built-in.o
                0x000000008781fa4c                mxs_lcd_panel_setup
 .text.lcdif_power_down
                0x000000008781fac4       0x5c drivers/built-in.o
                0x000000008781fac4                lcdif_power_down
 .text.video_hw_init
                0x000000008781fb20      0x374 drivers/built-in.o
                0x000000008781fb20                video_hw_init
 .text.video_get_param_len.constprop.1
                0x000000008781fe94       0x20 drivers/built-in.o
 .text.video_get_params
                0x000000008781feb4      0x4e8 drivers/built-in.o
                0x000000008781feb4                video_get_params
 .text.reset_cpu
                0x000000008782039c       0x48 drivers/built-in.o
                0x000000008782039c                reset_cpu
 .text.thermal_get_temp
                0x00000000878203e4       0x20 drivers/built-in.o
                0x00000000878203e4                thermal_get_temp
 *fill*         0x0000000087820404        0x4 
 .text.read_cpu_temperature
                0x0000000087820408      0x148 drivers/built-in.o
 .text.imx_thermal_get_temp
                0x0000000087820550       0x74 drivers/built-in.o
                0x0000000087820550                imx_thermal_get_temp
 .text.imx_thermal_probe
                0x00000000878205c4       0xc0 drivers/built-in.o
 .text.gpio_set_value
                0x0000000087820684       0x48 drivers/gpio/built-in.o
                0x0000000087820684                gpio_set_value
 .text.gpio_get_value
                0x00000000878206cc       0x34 drivers/gpio/built-in.o
                0x00000000878206cc                gpio_get_value
 .text.gpio_request
                0x0000000087820700       0x10 drivers/gpio/built-in.o
                0x0000000087820700                gpio_request
 .text.gpio_free
                0x0000000087820710        0x8 drivers/gpio/built-in.o
                0x0000000087820710                gpio_free
 .text.gpio_direction_input
                0x0000000087820718       0x3c drivers/gpio/built-in.o
                0x0000000087820718                gpio_direction_input
 .text.gpio_direction_output
                0x0000000087820754       0x50 drivers/gpio/built-in.o
                0x0000000087820754                gpio_direction_output
 .text.i2c_get_adapter
                0x00000000878207a4       0x60 drivers/i2c/built-in.o
                0x00000000878207a4                i2c_get_adapter
 .text.i2c_init_bus
                0x0000000087820804       0x90 drivers/i2c/built-in.o
 .text.i2c_get_bus_num
                0x0000000087820894        0x8 drivers/i2c/built-in.o
                0x0000000087820894                i2c_get_bus_num
 .text.i2c_set_bus_num
                0x000000008782089c       0xb8 drivers/i2c/built-in.o
                0x000000008782089c                i2c_set_bus_num
 .text.i2c_init_all
                0x0000000087820954       0x14 drivers/i2c/built-in.o
                0x0000000087820954                i2c_init_all
 .text.i2c_probe
                0x0000000087820968       0x2c drivers/i2c/built-in.o
                0x0000000087820968                i2c_probe
 .text.i2c_read
                0x0000000087820994       0x4c drivers/i2c/built-in.o
                0x0000000087820994                i2c_read
 .text.i2c_write
                0x00000000878209e0       0x4c drivers/i2c/built-in.o
                0x00000000878209e0                i2c_write
 .text.i2c_set_bus_speed
                0x0000000087820a2c       0x64 drivers/i2c/built-in.o
                0x0000000087820a2c                i2c_set_bus_speed
 .text.i2c_get_bus_speed
                0x0000000087820a90       0x14 drivers/i2c/built-in.o
                0x0000000087820a90                i2c_get_bus_speed
 .text.i2c_init
                0x0000000087820aa4       0x14 drivers/i2c/built-in.o
                0x0000000087820aa4                i2c_init
 .text.wait_for_sr_state
                0x0000000087820ab8      0x100 drivers/i2c/built-in.o
 .text.tx_byte  0x0000000087820bb8       0x50 drivers/i2c/built-in.o
 .text.bus_i2c_set_bus_speed
                0x0000000087820c08       0xb4 drivers/i2c/built-in.o
 .text.mxc_i2c_set_bus_speed
                0x0000000087820cbc       0x18 drivers/i2c/built-in.o
 .text.i2c_imx_stop
                0x0000000087820cd4       0x50 drivers/i2c/built-in.o
 .text.__i2c_force_reset_slave
                0x0000000087820d24        0x4 drivers/i2c/built-in.o
                0x0000000087820d24                __i2c_force_reset_slave
                0x0000000087820d24                i2c_force_reset_slave
 .text.i2c_idle_bus
                0x0000000087820d28       0x24 drivers/i2c/built-in.o
                0x0000000087820d28                i2c_idle_bus
 .text.i2c_init_transfer