bootstage.h:344:19:bootstage_relocate	0	static
board_r.c:110:12:initr_trace	0	static
board_r.c:119:12:initr_reloc	0	static
board_r.c:145:12:initr_reloc_global_data	0	static
board_r.c:753:12:run_main_loop	8	static
board_r.c:650:12:initr_net	8	static
board_r.c:564:12:initr_ethaddr	8	static
board_r.c:556:12:initr_enable_interrupts	8	static
board_r.c:539:12:initr_jumptable	8	static
board_r.c:493:12:initr_env	8	static
board_r.c:454:12:initr_mmc	8	static
board_r.c:189:12:initr_serial	8	static
board_r.c:340:12:initr_bootstage	8	static
board_r.c:319:12:initr_dm	0	static
board_r.c:286:12:initr_malloc	8	static
board_r.c:132:12:initr_caches	8	static
board_r.c:353:12:initr_announce	0	static
board_r.c:277:12:initr_barrier	0	static
board_r.c:301:12:initr_console_record	0	static
board_r.c:348:12:power_init_board	0	static
board_r.c:82:12:board_flash_wp_on	0	static
board_r.c:92:13:cpu_secondary_init_r	0	static
board_r.c:96:12:initr_secondary_cpu	8	static
board_r.c:140:12:fixup_cpu	0	static
board_r.c:991:6:board_init_r	8	static
