console.c:102:12:console_setfile	16	static
console.c:271:5:serial_printf	656	static
console.c:289:5:fgetc	0	static
console.c:361:5:getc	0	static
console.c:320:5:ftstc	0	static
console.c:389:5:tstc	0	static
console.c:328:6:fputc	0	static
console.c:461:6:putc	0	static
console.c:334:6:fputs	0	static
console.c:504:6:puts	0	static
console.c:340:5:fprintf	660	static
console.c:580:5:ctrlc	8	static
console.c:601:5:confirm_yesno	16	static
console.c:628:5:disable_ctrlc	0	static
console.c:636:5:had_ctrlc	0	static
console.c:641:6:clear_ctrlc	0	static
console.c:648:19:search_device	8	static
console.c:664:5:console_assign	8	static
console.c:22:12:on_console	24	static
console.c:693:5:console_init_f	0	static
console.c:707:6:stdio_print_current_devices	8	static
console.c:734:5:console_init_r	16	static
