fdt_support.c:987:12:of_bus_default_map	28	static
fdt_support.c:1432:12:fdt_read_prop	8	static
fdt_support.c:1004:12:of_bus_default_translate	32	static
fdt_support.c:970:6:of_bus_default_count_cells	24	static
fdt_support.c:33:5:fdt_getprop_u32_default_node	24	static
fdt_support.c:63:5:fdt_getprop_u32_default	24	static
fdt_support.c:87:5:fdt_find_and_setprop	32	static
fdt_support.c:111:5:fdt_find_or_add_subnode	24	static
fdt_support.c:189:5:fdt_root	24	static
fdt_support.c:215:5:fdt_initrd	72	static
fdt_support.c:275:5:fdt_chosen	24	static
fdt_support.c:306:6:do_fixup_by_path	24	static
fdt_support.c:322:6:do_fixup_by_path_u32	24	static
fdt_support.c:329:6:do_fixup_by_prop	40	static
fdt_support.c:350:6:do_fixup_by_prop_u32	32	static
fdt_support.c:358:6:do_fixup_by_compat	40	static
fdt_support.c:377:6:do_fixup_by_compat_u32	24	static
fdt_support.c:417:5:fdt_fixup_memory_banks	64	static
fdt_support.c:463:5:fdt_fixup_memory	16	static
fdt_support.c:468:6:fdt_fixup_ethernet	80	static
fdt_support.c:518:5:fdt_shrink_to_minimum	48	static
fdt_support.c:708:5:fdt_increase_size	0	static
fdt_support.c:927:6:fdt_del_node_and_alias	16	static
fdt_support.c:1164:5:fdt_translate_address	96	static
fdt_support.c:1178:5:fdt_node_offset_by_compat_reg	40	static
fdt_support.c:1199:5:fdt_alloc_phandle	16	static
fdt_support.c:1219:5:fdt_set_phandle	40	static
fdt_support.c:1258:14:fdt_create_phandle	16	static
fdt_support.c:1288:5:fdt_set_node_status	40	static
fdt_support.c:1329:5:fdt_set_status_by_alias	16	static
fdt_support.c:1338:5:fdt_add_edid	40	static
fdt_support.c:1375:5:fdt_verify_alias_address	48	static
fdt_support.c:1416:5:fdt_get_base_address	24	static
fdt_support.c:1468:5:fdt_read_range	56	static
fdt_support.c:1536:5:fdt_setup_simplefb_node	104	static
fdt_support.c:1589:5:fdt_fixup_display	40	static
