device.c:503:24:_device_find_global_by_of_offset	16	static
device.c:211:14:alloc_priv	16	static
device.c:29:5:device_bind	40	static
device.c:196:5:device_bind_by_name	32	static
device.c:226:5:device_probe	16	static
device.c:350:7:dev_get_platdata	8	static
device.c:360:7:dev_get_parent_platdata	8	static
device.c:370:7:dev_get_uclass_platdata	8	static
device.c:380:7:dev_get_priv	8	static
device.c:390:7:dev_get_uclass_priv	8	static
device.c:400:7:dev_get_parent_priv	8	static
device.c:425:5:device_get_child	16	static
device.c:437:5:device_find_child_by_seq	12	static
device.c:457:5:device_get_child_by_seq	24	static
device.c:475:5:device_find_child_by_of_offset	4	static
device.c:492:5:device_get_child_by_of_offset	24	static
device.c:520:5:device_get_global_by_of_offset	16	static
device.c:528:5:device_find_first_child	0	static
device.c:540:5:device_find_next_child	0	static
device.c:555:17:dev_get_parent	0	static
device.c:560:7:dev_get_driver_data	0	static
device.c:565:13:dev_get_driver_ops	0	static
device.c:573:16:device_get_uclass_id	0	static
device.c:578:13:dev_get_uclass_name	0	static
device.c:586:12:dev_get_addr_index	0	static
device.c:652:12:dev_get_addr	0	static
device.c:657:6:device_has_children	0	static
device.c:662:6:device_has_active_children	16	static
device.c:676:6:device_is_last_sibling	0	static
device.c:685:5:device_set_name	8	static
