clock.c:572:12:disable_lcdif_clock	8	static
clock.c:386:12:get_ipg_clk	8	static
clock.c:622:12:enable_pll_video.constprop	16	static
clock.c:414:12:get_uart_clk	16	static
clock.c:294:12:mxc_get_pll_pfd	24	static
clock.c:1122:12:get_usdhc_clk	16	static
clock.c:28:6:enable_ocotp_clk	0	static
clock.c:95:6:enable_usboh3_clk	0	static
clock.c:109:6:enable_enet_clk	16	static
clock.c:132:6:enable_uart_clk	8	static
clock.c:149:5:enable_usdhc_clk	0	static
clock.c:168:5:enable_i2c_clk	16	static
clock.c:209:5:enable_spi_clk	0	static
clock.c:336:5:get_periph_clk	8	static
clock.c:451:12:get_axi_clk	8	static
clock.c:842:5:enable_lcdif_clock	8	static
clock.c:688:6:mxs_set_lcdclk	32	static
clock.c:921:5:enable_lvds_bridge	16	static
clock.c:983:6:enable_qspi_clk	0	static
clock.c:1044:5:enable_fec_anatop_clock	16	static
clock.c:1171:5:imx_get_uartclk	0	static
clock.c:1371:6:enable_thermal_clk	0	static
clock.c:1376:14:mxc_get_clock	24	static
clock.c:1176:5:imx_get_fecclk	0	static
clock.c:1421:5:do_mx6_showclocks	16	static
clock.c:1476:6:enable_ipu_clock	8	static
