cfb_console.c:403:13:video_drawchars	40	static
cfb_console.c:604:13:video_invertchar	16	static
cfb_console.c:1208:13:draw_bitmap	24	static
cfb_console.c:619:6:console_cursor.part.0	0	static
cfb_console.c:824:13:console_newline.constprop	16	static
cfb_console.c:397:12:board_cfb_skip	0	static
cfb_console.c:619:6:console_cursor	32	static
cfb_console.c:890:13:video_putc	24	static
cfb_console.c:1104:13:video_puts	24	static
cfb_console.c:1126:13:video_set_lut	0	static
cfb_console.c:1245:12:display_rle8_bitmap	1096	static
cfb_console.c:1805:13:plot_logo_or_black	48	static
cfb_console.c:1790:12:do_clrlogo	8	static
cfb_console.c:1394:5:video_display_bitmap	56	static
cfb_console.c:2075:6:video_clear	0	static
cfb_console.c:2203:12:board_video_skip	0	static
cfb_console.c:2209:5:drv_video_init	168	static
cfb_console.c:2264:6:video_position_cursor	0	static
cfb_console.c:2270:5:video_get_pixel_width	0	static
cfb_console.c:2275:5:video_get_pixel_height	0	static
cfb_console.c:2280:5:video_get_screen_rows	0	static
cfb_console.c:2285:5:video_get_screen_columns	0	static
