mxc_i2c.c:192:12:wait_for_sr_state	56	static
mxc_i2c.c:226:12:tx_byte	8	static
mxc_i2c.c:168:12:bus_i2c_set_bus_speed	16	static
mxc_i2c.c:626:12:mxc_i2c_set_bus_speed	0	static
mxc_i2c.c:256:13:i2c_imx_stop	8	static
mxc_i2c.c:247:6:__i2c_force_reset_slave	0	static
mxc_i2c.c:332:5:i2c_idle_bus	0	static
mxc_i2c.c:353:12:i2c_init_transfer	64	static
mxc_i2c.c:565:12:mxc_i2c_probe	8	static
mxc_i2c.c:548:12:mxc_i2c_read	40	static
mxc_i2c.c:555:12:mxc_i2c_write	24	static
mxc_i2c.c:543:21:i2c_get_base	0	static
mxc_i2c.c:570:5:__enable_i2c_clk	0	static
mxc_i2c.c:577:6:bus_i2c_init	16	static
mxc_i2c.c:618:13:mxc_i2c_init	16	static
