phy.c:452:5:genphy_shutdown	0	static
phy.c:153:5:genphy_restart_aneg	24	static
phy.c:181:5:genphy_config_aneg	32	static
phy.c:393:5:genphy_config	16	static
phy.c:221:5:genphy_update_link	40	static
phy.c:302:5:genphy_parse_link	24	static
phy.c:444:5:genphy_startup	8	static
phy.c:471:5:phy_init	8	static
phy.c:522:5:phy_register	0	static
phy.c:544:5:phy_set_supported	0	static
phy.c:653:12:get_phy_id	24	static
phy.c:707:27:get_phy_device_by_mask	56	static
phy.c:752:5:phy_reset	24	static
phy.c:803:5:miiphy_reset	8	static
phy.c:818:20:phy_find_by_mask	16	static
phy.c:835:6:phy_connect_dev	24	static
phy.c:853:20:phy_connect	24	static
phy.c:870:5:phy_startup	0	static
phy.c:878:12:board_phy_config	0	static
phy.c:885:5:phy_config	8	static
phy.c:893:5:phy_shutdown	8	static
phy.c:901:5:phy_get_interface_by_name	16	static
