mmc.c:811:12:do_mmcops	32	static
mmc.c:145:20:init_mmc_device	16	static
mmc.c:413:12:do_mmc_rescan	8	static
mmc.c:726:12:do_mmc_rst_func	16	static
mmc.c:699:12:do_mmc_partconf	24	static
mmc.c:668:12:do_mmc_boot_resize	24	static
mmc.c:642:12:do_mmc_bootbus	24	static
mmc.c:559:12:do_mmc_hwpartition	96	static
mmc.c:484:12:do_mmc_list	8	static
mmc.c:443:12:do_mmc_dev	24	static
mmc.c:385:12:do_mmc_erase	24	static
mmc.c:355:12:do_mmc_write	24	static
mmc.c:327:12:do_mmc_read	24	static
mmc.c:159:12:do_mmcinfo	40	static
mmc.c:761:12:do_mmc_setdsr	16	static
mmc.c:424:12:do_mmc_part	8	static
