nvedit.c:783:12:do_env_delete	24	static
nvedit.c:1098:12:do_env_exists	48	static
nvedit.c:706:12:do_env_save	8	static
nvedit.c:1161:12:do_env	24	static
nvedit.c:85:12:env_print	56	static
nvedit.c:116:12:do_env_print	24	static
nvedit.c:985:12:do_env_import	56	static
nvedit.c:746:12:do_env_default	8	static
nvedit.c:213:12:_do_env_set.isra.0	72	static
nvedit.c:346:12:do_env_set	0	static
nvedit.c:74:5:get_env_id	0	static
nvedit.c:286:5:setenv	24	static
nvedit.c:307:5:setenv_ulong	8	static
nvedit.c:322:5:setenv_hex	32	static
nvedit.c:864:12:do_env_export	96	static
nvedit.c:730:5:envmatch	24	static
nvedit.c:649:5:getenv_f	32	static
nvedit.c:625:7:getenv	48	static
nvedit.c:330:7:getenv_hex	24	static
nvedit.c:693:7:getenv_ulong	16	static
nvedit.c:583:12:do_env_edit.part.3	544	static
nvedit.c:583:12:do_env_edit	0	static
