mmc.c:1065:13:mmc_set_ios	0	static
mmc.c:561:12:mmc_set_capacity	16	static
mmc.c:35:12:board_mmc_getwp	0	static
mmc.c:40:5:mmc_getwp	8	static
mmc.c:56:12:board_mmc_getcd	0	static
mmc.c:61:5:mmc_send_cmd	0	static
mmc.c:466:12:mmc_send_ext_csd	56	static
mmc.c:291:12:mmc_go_idle	40	static
mmc.c:380:12:mmc_send_op_cond_iter	40	static
mmc.c:119:5:mmc_send_status	56	static
mmc.c:488:12:mmc_switch.isra.0	40	static
mmc.c:171:5:mmc_set_blocklen	40	static
mmc.c:185:13:find_mmc_device	8	static
mmc.c:613:5:mmc_switch_part	16	static
mmc.c:589:5:mmc_select_hwpart	16	static
mmc.c:245:14:mmc_bread	80	static
mmc.c:637:5:mmc_hwpart_config	640	static
mmc.c:831:5:mmc_getcd	8	static
mmc.c:1071:6:mmc_set_clock	0	static
mmc.c:1091:12:mmc_startup	1456	static
mmc.c:1596:18:mmc_register	8	static
mmc.c:1604:13:mmc_create	16	static
mmc.c:1643:6:mmc_destroy	0	static
mmc.c:1661:13:board_mmc_power_init	0	static
mmc.c:1665:5:mmc_start_init	56	static
mmc.c:1746:5:mmc_init	16	static
mmc.c:1650:19:mmc_get_dev	8	static
mmc.c:1765:5:mmc_set_dsr	0	static
mmc.c:1772:12:cpu_mmc_init	0	static
mmc.c:1778:12:board_mmc_init	0	static
mmc.c:1785:6:print_mmc_devices	32	static
mmc.c:1817:5:get_mmc_num	0	static
mmc.c:1822:6:mmc_set_preinit	0	static
mmc.c:1887:5:mmc_initialize	16	static
mmc.c:1923:5:mmc_boot_partition_size_change	56	static
mmc.c:1985:5:mmc_set_boot_bus_width	0	static
mmc.c:2006:5:mmc_set_part_conf	0	static
mmc.c:2026:5:mmc_set_rst_n_function	0	static
